Archive member included to satisfy reference by file (symbol)

.\CortexM3\ARM_GCC_541\Debug\Never Lose.a(CyLib.o)
                              .\CortexM3\ARM_GCC_541\Debug\Cm3Start.o (CyHalt)
.\CortexM3\ARM_GCC_541\Debug\Never Lose.a(cyPm.o)
                              .\CortexM3\ARM_GCC_541\Debug\Never Lose.a(CyLib.o) (CyPmReadStatus)
.\CortexM3\ARM_GCC_541\Debug\Never Lose.a(SW_1.o)
                              .\CortexM3\ARM_GCC_541\Debug\main.o (SW_1_Read)
.\CortexM3\ARM_GCC_541\Debug\Never Lose.a(SW_2.o)
                              .\CortexM3\ARM_GCC_541\Debug\main.o (SW_2_Read)
.\CortexM3\ARM_GCC_541\Debug\Never Lose.a(SW_3.o)
                              .\CortexM3\ARM_GCC_541\Debug\main.o (SW_3_Read)
.\CortexM3\ARM_GCC_541\Debug\Never Lose.a(LED_2.o)
                              .\CortexM3\ARM_GCC_541\Debug\main.o (LED_2_Write)
.\CortexM3\ARM_GCC_541\Debug\Never Lose.a(LED_3.o)
                              .\CortexM3\ARM_GCC_541\Debug\main.o (LED_3_Write)
.\CortexM3\ARM_GCC_541\Debug\Never Lose.a(UART.o)
                              .\CortexM3\ARM_GCC_541\Debug\main.o (UART_Start)
.\CortexM3\ARM_GCC_541\Debug\Never Lose.a(Clock.o)
                              .\CortexM3\ARM_GCC_541\Debug\main.o (Clock_Start)
.\CortexM3\ARM_GCC_541\Debug\Never Lose.a(PWM.o)
                              .\CortexM3\ARM_GCC_541\Debug\main.o (PWM_WriteCompare1)
.\CortexM3\ARM_GCC_541\Debug\Never Lose.a(LED_1.o)
                              .\CortexM3\ARM_GCC_541\Debug\main.o (LED_1_Write)
.\CortexM3\ARM_GCC_541\Debug\Never Lose.a(LED_4.o)
                              .\CortexM3\ARM_GCC_541\Debug\main.o (LED_4_Write)
.\CortexM3\ARM_GCC_541\Debug\Never Lose.a(Timer.o)
                              .\CortexM3\ARM_GCC_541\Debug\main.o (Timer_ReadStatusRegister)
.\CortexM3\ARM_GCC_541\Debug\Never Lose.a(ADC.o)
                              .\CortexM3\ARM_GCC_541\Debug\main.o (ADC_Start)
.\CortexM3\ARM_GCC_541\Debug\Never Lose.a(ADC_INT.o)
                              .\CortexM3\ARM_GCC_541\Debug\Never Lose.a(ADC.o) (ADC_ISR1)
.\CortexM3\ARM_GCC_541\Debug\Never Lose.a(LCD.o)
                              .\CortexM3\ARM_GCC_541\Debug\main.o (LCD_PrintString)
.\CortexM3\ARM_GCC_541\Debug\Never Lose.a(UART_IntClock.o)
                              .\CortexM3\ARM_GCC_541\Debug\Never Lose.a(UART.o) (UART_IntClock_Start)
.\CortexM3\ARM_GCC_541\Debug\Never Lose.a(ADC_Ext_CP_Clk.o)
                              .\CortexM3\ARM_GCC_541\Debug\Never Lose.a(ADC.o) (ADC_Ext_CP_Clk_SetModeRegister)
.\CortexM3\ARM_GCC_541\Debug\Never Lose.a(ADC_theACLK.o)
                              .\CortexM3\ARM_GCC_541\Debug\Never Lose.a(ADC.o) (ADC_theACLK_SetModeRegister)
.\CortexM3\ARM_GCC_541\Debug\Never Lose.a(ROW0.o)
                              .\CortexM3\ARM_GCC_541\Debug\keypad.o (ROW0_Read)
.\CortexM3\ARM_GCC_541\Debug\Never Lose.a(ROW1.o)
                              .\CortexM3\ARM_GCC_541\Debug\keypad.o (ROW1_Read)
.\CortexM3\ARM_GCC_541\Debug\Never Lose.a(ROW2.o)
                              .\CortexM3\ARM_GCC_541\Debug\keypad.o (ROW2_Read)
.\CortexM3\ARM_GCC_541\Debug\Never Lose.a(ROW3.o)
                              .\CortexM3\ARM_GCC_541\Debug\keypad.o (ROW3_Read)
.\CortexM3\ARM_GCC_541\Debug\Never Lose.a(COL1.o)
                              .\CortexM3\ARM_GCC_541\Debug\keypad.o (COL1_Write)
.\CortexM3\ARM_GCC_541\Debug\Never Lose.a(COL2.o)
                              .\CortexM3\ARM_GCC_541\Debug\keypad.o (COL2_Write)
.\CortexM3\ARM_GCC_541\Debug\Never Lose.a(COL3.o)
                              .\CortexM3\ARM_GCC_541\Debug\keypad.o (COL3_Write)
.\CortexM3\ARM_GCC_541\Debug\Never Lose.a(RX_ISR.o)
                              .\CortexM3\ARM_GCC_541\Debug\main.o (RX_ISR_StartEx)
.\CortexM3\ARM_GCC_541\Debug\Never Lose.a(Timer_ISR.o)
                              .\CortexM3\ARM_GCC_541\Debug\main.o (Timer_ISR_Enable)
.\CortexM3\ARM_GCC_541\Debug\Never Lose.a(VDAC.o)
                              .\CortexM3\ARM_GCC_541\Debug\main.o (VDAC_SetValue)
.\CortexM3\ARM_GCC_541\Debug\Never Lose.a(AMux.o)
                              .\CortexM3\ARM_GCC_541\Debug\main.o (AMux_Start)
.\CortexM3\ARM_GCC_541\Debug\Never Lose.a(ADC_AMux.o)
                              .\CortexM3\ARM_GCC_541\Debug\Never Lose.a(ADC.o) (ADC_AMux_Select)
.\CortexM3\ARM_GCC_541\Debug\Never Lose.a(CyBootAsmGnu.o)
                              .\CortexM3\ARM_GCC_541\Debug\cyfitter_cfg.o (CyDelayCycles)
.\CortexM3\ARM_GCC_541\Debug\Never Lose.a(CyFlash.o)
                              .\CortexM3\ARM_GCC_541\Debug\Never Lose.a(cyPm.o) (CyFlash_SetWaitCycles)
.\CortexM3\ARM_GCC_541\Debug\Never Lose.a(CySpc.o)
                              .\CortexM3\ARM_GCC_541\Debug\Never Lose.a(CyFlash.o) (CySpcStart)
c:/program files (x86)/cypress/psoc creator/4.4/psoc creator/import/gnu/arm/5.4.1/bin/../lib/gcc/arm-none-eabi/5.4.1/../../../../arm-none-eabi/lib/armv7-m\libm.a(lib_a-s_sin.o)
                              .\CortexM3\ARM_GCC_541\Debug\main.o (sin)
[...]
Memory Configuration

Name             Origin             Length             Attributes
rom              0x00000000         0x00040000         xr
ram              0x1fff8000         0x00010000         xrw
*default*        0x00000000         0xffffffff

Linker script and memory map

LOAD c:/program files (x86)/cypress/psoc creator/4.4/psoc creator/import/gnu/arm/5.4.1/bin/../lib/gcc/arm-none-eabi/5.4.1/armv7-m/crti.o
LOAD c:/program files (x86)/cypress/psoc creator/4.4/psoc creator/import/gnu/arm/5.4.1/bin/../lib/gcc/arm-none-eabi/5.4.1/armv7-m/crtbegin.o
LOAD c:/program files (x86)/cypress/psoc creator/4.4/psoc creator/import/gnu/arm/5.4.1/bin/../lib/gcc/arm-none-eabi/5.4.1/../../../../arm-none-eabi/lib/armv7-m/crt0.o
START GROUP
LOAD .\CortexM3\ARM_GCC_541\Debug\main.o
LOAD .\CortexM3\ARM_GCC_541\Debug\keypad.o
LOAD .\CortexM3\ARM_GCC_541\Debug\cyfitter_cfg.o
LOAD .\CortexM3\ARM_GCC_541\Debug\cymetadata.o
LOAD .\CortexM3\ARM_GCC_541\Debug\Cm3Start.o
LOAD .\CortexM3\ARM_GCC_541\Debug\Never Lose.a
LOAD C:\Program Files (x86)\Cypress\PSoC Creator\4.4\PSoC Creator\psoc\content\cycomponentlibrary\CyComponentLibrary.cylib\CortexM3\ARM_GCC_541\Debug\CyComponentLibrary.a
LOAD c:/program files (x86)/cypress/psoc creator/4.4/psoc creator/import/gnu/arm/5.4.1/bin/../lib/gcc/arm-none-eabi/5.4.1/../../../../arm-none-eabi/lib/armv7-m\libm.a
END GROUP
START GROUP
LOAD c:/program files (x86)/cypress/psoc creator/4.4/psoc creator/import/gnu/arm/5.4.1/bin/../lib/gcc/arm-none-eabi/5.4.1/armv7-m\libgcc.a
LOAD c:/program files (x86)/cypress/psoc creator/4.4/psoc creator/import/gnu/arm/5.4.1/bin/../lib/gcc/arm-none-eabi/5.4.1/../../../../arm-none-eabi/lib/armv7-m\libg_nano.a
LOAD c:/program files (x86)/cypress/psoc creator/4.4/psoc creator/import/gnu/arm/5.4.1/bin/../lib/gcc/arm-none-eabi/5.4.1/../../../../arm-none-eabi/lib/armv7-m\libc_nano.a
END GROUP
START GROUP
LOAD c:/program files (x86)/cypress/psoc creator/4.4/psoc creator/import/gnu/arm/5.4.1/bin/../lib/gcc/arm-none-eabi/5.4.1/armv7-m\libgcc.a
LOAD c:/program files (x86)/cypress/psoc creator/4.4/psoc creator/import/gnu/arm/5.4.1/bin/../lib/gcc/arm-none-eabi/5.4.1/../../../../arm-none-eabi/lib/armv7-m\libc_nano.a
END GROUP
LOAD c:/program files (x86)/cypress/psoc creator/4.4/psoc creator/import/gnu/arm/5.4.1/bin/../lib/gcc/arm-none-eabi/5.4.1/armv7-m/crtend.o
LOAD c:/program files (x86)/cypress/psoc creator/4.4/psoc creator/import/gnu/arm/5.4.1/bin/../lib/gcc/arm-none-eabi/5.4.1/armv7-m/crtn.o
START GROUP
LOAD c:/program files (x86)/cypress/psoc creator/4.4/psoc creator/import/gnu/arm/5.4.1/bin/../lib/gcc/arm-none-eabi/5.4.1/armv7-m\libgcc.a
LOAD c:/program files (x86)/cypress/psoc creator/4.4/psoc creator/import/gnu/arm/5.4.1/bin/../lib/gcc/arm-none-eabi/5.4.1/../../../../arm-none-eabi/lib/armv7-m\libc.a
LOAD c:/program files (x86)/cypress/psoc creator/4.4/psoc creator/import/gnu/arm/5.4.1/bin/../lib/gcc/arm-none-eabi/5.4.1/../../../../arm-none-eabi/lib/armv7-m\libnosys.a
END GROUP
                0x00000000                CY_APPL_ORIGIN = 0x0
                0x00000100                CY_FLASH_ROW_SIZE = 0x100
                0x00000020                CY_ECC_ROW_SIZE = 0x20
                0x00000000                CY_EE_IN_BTLDR = 0x0
                0x00000000                CY_APPL_LOADABLE = 0x0
                0x00000800                CY_EE_SIZE = 0x800
                0x00000001                CY_APPL_NUM = 0x1
                0x00000001                CY_APPL_MAX = 0x1
                0x00000040                CY_METADATA_SIZE = 0x40
                0x00000000                CY_APPL_LOADABLE = 0x0
                0x00000000                CY_CHECKSUM_EXCLUDE_SIZE = ALIGN (0x0, CY_FLASH_ROW_SIZE)
                [!provide]                PROVIDE (__cy_heap_start, _end)
                0x00000001                PROVIDE (__cy_region_num, ((__cy_regions_end - __cy_regions) / 0x10))
                0x20008000                PROVIDE (__cy_stack, (ORIGIN (ram) + LENGTH (ram)))
                [!provide]                PROVIDE (__cy_heap_end, (__cy_stack - 0x800))

.cybootloader   0x00000000        0x0
 *(.cybootloader)
                0x00000000                appl1_start = CY_APPL_ORIGIN?CY_APPL_ORIGIN:ALIGN (CY_FLASH_ROW_SIZE)
                0x0001ff00                appl2_start = (appl1_start + ALIGN ((((LENGTH (rom) - appl1_start) - (0x2 * CY_FLASH_ROW_SIZE)) / 0x2), CY_FLASH_ROW_SIZE))
                0x00000000                appl_start = (CY_APPL_NUM == 0x1)?appl1_start:appl2_start
                0x00000000                ecc_offset = ((appl_start / CY_FLASH_ROW_SIZE) * CY_ECC_ROW_SIZE)
                0x00000000                ee_offset = (CY_APPL_LOADABLE && ! (CY_EE_IN_BTLDR))?((CY_EE_SIZE / CY_APPL_MAX) * (CY_APPL_NUM - 0x1)):0x0
                0x00000800                ee_size = (CY_APPL_LOADABLE && ! (CY_EE_IN_BTLDR))?(CY_EE_SIZE / CY_APPL_MAX):CY_EE_SIZE
                [!provide]                PROVIDE (CY_ECC_OFFSET, ecc_offset)

.text           0x00000000     0x4450
 CREATE_OBJECT_SYMBOLS
                0x00000000                PROVIDE (__cy_interrupt_vector, RomVectors)
 *(.romvectors)
 .romvectors    0x00000000       0x10 .\CortexM3\ARM_GCC_541\Debug\Cm3Start.o
                0x00000000                RomVectors
                0x00000001                ASSERT ((. != __cy_interrupt_vector), No interrupt vector)
                0x00000001                ASSERT (CY_APPL_ORIGIN?(SIZEOF (.cybootloader) <= CY_APPL_ORIGIN):0x1, Wrong image location)
                0x00000010                PROVIDE (__cy_reset, Reset)
 *(.text.Reset)
 .text.Reset    0x00000010       0x18 .\CortexM3\ARM_GCC_541\Debug\Cm3Start.o
                0x00000010                Reset
                0x00000001                ASSERT ((. != __cy_reset), No reset code)
 *(.dma_init)
                0x00000001                ASSERT ((((appl_start + .) <= 0x10000) || 0x1), DMA Init must be within the first 64k of flash)
 *(.text .text.* .gnu.linkonce.t.*)
 .text          0x00000028       0x5c c:/program files (x86)/cypress/psoc creator/4.4/psoc creator/import/gnu/arm/5.4.1/bin/../lib/gcc/arm-none-eabi/5.4.1/armv7-m/crtbegin.o
 *fill*         0x00000084        0x4 
 .text.initialize_audio_vector
                0x00000088       0x80 .\CortexM3\ARM_GCC_541\Debug\main.o
                0x00000088                initialize_audio_vector
 .text.initialize_servos
                0x00000108       0x14 .\CortexM3\ARM_GCC_541\Debug\main.o
                0x00000108                initialize_servos
 .text.print_on_LCD
                0x0000011c       0x14 .\CortexM3\ARM_GCC_541\Debug\main.o
                0x0000011c                print_on_LCD
 .text.detect_obstacle
                0x00000130       0x54 .\CortexM3\ARM_GCC_541\Debug\main.o
                0x00000130                detect_obstacle
 .text.is_dino_close_ground_obstacle
                0x00000184       0x10 .\CortexM3\ARM_GCC_541\Debug\main.o
                0x00000184                is_dino_close_ground_obstacle
 .text.is_dino_close_flying_obstacle
                0x00000194       0x10 .\CortexM3\ARM_GCC_541\Debug\main.o
                0x00000194                is_dino_close_flying_obstacle
 .text.servo_press_spacebar
                0x000001a4        0xc .\CortexM3\ARM_GCC_541\Debug\main.o
                0x000001a4                servo_press_spacebar
 .text.servo_release_spacebar
                0x000001b0        0xc .\CortexM3\ARM_GCC_541\Debug\main.o
                0x000001b0                servo_release_spacebar
 .text.servo_press_down_arrow_key
                0x000001bc        0xc .\CortexM3\ARM_GCC_541\Debug\main.o
                0x000001bc                servo_press_down_arrow_key
 .text.servo_release_down_arrow_key
                0x000001c8        0xc .\CortexM3\ARM_GCC_541\Debug\main.o
                0x000001c8                servo_release_down_arrow_key
 .text.set_LED1_and_LED2
                0x000001d4       0x14 .\CortexM3\ARM_GCC_541\Debug\main.o
                0x000001d4                set_LED1_and_LED2
 .text.set_LED3_and_LED4
                0x000001e8       0x14 .\CortexM3\ARM_GCC_541\Debug\main.o
                0x000001e8                set_LED3_and_LED4
 .text.send_data_to_PC
                0x000001fc        0x8 .\CortexM3\ARM_GCC_541\Debug\main.o
                0x000001fc                send_data_to_PC
 .text.play_sound_jump
                0x00000204       0x34 .\CortexM3\ARM_GCC_541\Debug\main.o
                0x00000204                play_sound_jump
 .text.play_sound_duck
                0x00000238       0x34 .\CortexM3\ARM_GCC_541\Debug\main.o
                0x00000238                play_sound_duck
 .text.dino_jump
                0x0000026c       0x54 .\CortexM3\ARM_GCC_541\Debug\main.o
                0x0000026c                dino_jump
 .text.dino_duck
                0x000002c0       0x40 .\CortexM3\ARM_GCC_541\Debug\main.o
                0x000002c0                dino_duck
 .text.RX_ISR_Handler
                0x00000300       0xc8 .\CortexM3\ARM_GCC_541\Debug\main.o
                0x00000300                RX_ISR_Handler
 .text.dino_reset
                0x000003c8       0x14 .\CortexM3\ARM_GCC_541\Debug\main.o
                0x000003c8                dino_reset
 .text.dino_increase_score
                0x000003dc       0x2c .\CortexM3\ARM_GCC_541\Debug\main.o
                0x000003dc                dino_increase_score
 .text.Timer_ISR_Handler
                0x00000408        0xc .\CortexM3\ARM_GCC_541\Debug\main.o
                0x00000408                Timer_ISR_Handler
 .text.main     0x00000414       0xac .\CortexM3\ARM_GCC_541\Debug\main.o
                0x00000414                main
 .text.keypadScan
                0x000004c0       0xfc .\CortexM3\ARM_GCC_541\Debug\keypad.o
                0x000004c0                keypadScan
 .text.CyClockStartupError
                0x000005bc        0x4 .\CortexM3\ARM_GCC_541\Debug\cyfitter_cfg.o
 .text.cfg_write_bytes32
                0x000005c0       0x34 .\CortexM3\ARM_GCC_541\Debug\cyfitter_cfg.o
 .text.AnalogSetDefault
                0x000005f4       0x40 .\CortexM3\ARM_GCC_541\Debug\cyfitter_cfg.o
 .text.CYMEMZERO
                0x00000634        0xc .\CortexM3\ARM_GCC_541\Debug\cyfitter_cfg.o
 .text.CYCONFIGCPY
                0x00000640        0x8 .\CortexM3\ARM_GCC_541\Debug\cyfitter_cfg.o
 .text.ClockSetup
                0x00000648      0x100 .\CortexM3\ARM_GCC_541\Debug\cyfitter_cfg.o
 .text.AMux_Set
                0x00000748       0x34 .\CortexM3\ARM_GCC_541\Debug\cyfitter_cfg.o
                0x00000748                AMux_Set
 .text.AMux_Unset
                0x0000077c       0x38 .\CortexM3\ARM_GCC_541\Debug\cyfitter_cfg.o
                0x0000077c                AMux_Unset
 .text.ADC_AMux_Set
                0x000007b4       0x1c .\CortexM3\ARM_GCC_541\Debug\cyfitter_cfg.o
                0x000007b4                ADC_AMux_Set
 .text.ADC_AMux_Unset
                0x000007d0       0x20 .\CortexM3\ARM_GCC_541\Debug\cyfitter_cfg.o
                0x000007d0                ADC_AMux_Unset
 .text.cyfitter_cfg
                0x000007f0      0x14c .\CortexM3\ARM_GCC_541\Debug\cyfitter_cfg.o
                0x000007f0                cyfitter_cfg
 .text.IntDefaultHandler
                0x0000093c       0x10 .\CortexM3\ARM_GCC_541\Debug\Cm3Start.o
                0x0000093c                IntDefaultHandler
 .text._sbrk    0x0000094c       0x30 .\CortexM3\ARM_GCC_541\Debug\Cm3Start.o
                0x0000094c                _sbrk
 .text.Start_c  0x0000097c       0x4c .\CortexM3\ARM_GCC_541\Debug\Cm3Start.o
                0x0000097c                Start_c
 .text.initialize_psoc
                0x000009c8       0x68 .\CortexM3\ARM_GCC_541\Debug\Cm3Start.o
                0x000009c8                initialize_psoc
 .text.CyHalt   0x00000a30        0x4 .\CortexM3\ARM_GCC_541\Debug\Never Lose.a(CyLib.o)
                0x00000a30                CyHalt
 .text.CyDelay  0x00000a34       0x2c .\CortexM3\ARM_GCC_541\Debug\Never Lose.a(CyLib.o)
                0x00000a34                CyDelay
 .text.CyDelayUs
                0x00000a60       0x14 .\CortexM3\ARM_GCC_541\Debug\Never Lose.a(CyLib.o)
                0x00000a60                CyDelayUs
 .text.CyIntSetVector
                0x00000a74       0x28 .\CortexM3\ARM_GCC_541\Debug\Never Lose.a(CyLib.o)
                0x00000a74                CyIntSetVector
 .text.CyIntSetPriority
                0x00000a9c       0x30 .\CortexM3\ARM_GCC_541\Debug\Never Lose.a(CyLib.o)
                0x00000a9c                CyIntSetPriority
 .text.SW_1_Read
                0x00000acc       0x10 .\CortexM3\ARM_GCC_541\Debug\Never Lose.a(SW_1.o)
                0x00000acc                SW_1_Read
 .text.SW_2_Read
                0x00000adc       0x10 .\CortexM3\ARM_GCC_541\Debug\Never Lose.a(SW_2.o)
                0x00000adc                SW_2_Read
 .text.SW_3_Read
                0x00000aec       0x10 .\CortexM3\ARM_GCC_541\Debug\Never Lose.a(SW_3.o)
                0x00000aec                SW_3_Read
 .text.LED_2_Write
                0x00000afc       0x18 .\CortexM3\ARM_GCC_541\Debug\Never Lose.a(LED_2.o)
                0x00000afc                LED_2_Write
 .text.LED_3_Write
                0x00000b14       0x18 .\CortexM3\ARM_GCC_541\Debug\Never Lose.a(LED_3.o)
                0x00000b14                LED_3_Write
 .text.UART_Init
                0x00000b2c       0x28 .\CortexM3\ARM_GCC_541\Debug\Never Lose.a(UART.o)
                0x00000b2c                UART_Init
 .text.UART_Enable
                0x00000b54       0x38 .\CortexM3\ARM_GCC_541\Debug\Never Lose.a(UART.o)
                0x00000b54                UART_Enable
 .text.UART_Start
                0x00000b8c       0x1c .\CortexM3\ARM_GCC_541\Debug\Never Lose.a(UART.o)
                0x00000b8c                UART_Start
 .text.UART_ReadRxData
                0x00000ba8        0xc .\CortexM3\ARM_GCC_541\Debug\Never Lose.a(UART.o)
                0x00000ba8                UART_ReadRxData
 .text.UART_ReadRxStatus
                0x00000bb4       0x10 .\CortexM3\ARM_GCC_541\Debug\Never Lose.a(UART.o)
                0x00000bb4                UART_ReadRxStatus
 .text.UART_PutChar
                0x00000bc4       0x18 .\CortexM3\ARM_GCC_541\Debug\Never Lose.a(UART.o)
                0x00000bc4                UART_PutChar
 .text.UART_PutString
                0x00000bdc       0x24 .\CortexM3\ARM_GCC_541\Debug\Never Lose.a(UART.o)
                0x00000bdc                UART_PutString
 .text.Clock_Start
                0x00000c00       0x1c .\CortexM3\ARM_GCC_541\Debug\Never Lose.a(Clock.o)
                0x00000c00                Clock_Start
 .text.PWM_Enable
                0x00000c1c       0x10 .\CortexM3\ARM_GCC_541\Debug\Never Lose.a(PWM.o)
                0x00000c1c                PWM_Enable
 .text.PWM_WriteCounter
                0x00000c2c        0xc .\CortexM3\ARM_GCC_541\Debug\Never Lose.a(PWM.o)
                0x00000c2c                PWM_WriteCounter
 .text.PWM_WritePeriod
                0x00000c38        0xc .\CortexM3\ARM_GCC_541\Debug\Never Lose.a(PWM.o)
                0x00000c38                PWM_WritePeriod
 .text.PWM_WriteCompare1
                0x00000c44        0xc .\CortexM3\ARM_GCC_541\Debug\Never Lose.a(PWM.o)
                0x00000c44                PWM_WriteCompare1
 .text.PWM_WriteCompare2
                0x00000c50        0xc .\CortexM3\ARM_GCC_541\Debug\Never Lose.a(PWM.o)
                0x00000c50                PWM_WriteCompare2
 .text.PWM_SetInterruptMode
                0x00000c5c        0xc .\CortexM3\ARM_GCC_541\Debug\Never Lose.a(PWM.o)
                0x00000c5c                PWM_SetInterruptMode
 .text.PWM_ReadStatusRegister
                0x00000c68        0xc .\CortexM3\ARM_GCC_541\Debug\Never Lose.a(PWM.o)
                0x00000c68                PWM_ReadStatusRegister
 .text.PWM_ReadCapture
                0x00000c74        0xc .\CortexM3\ARM_GCC_541\Debug\Never Lose.a(PWM.o)
                0x00000c74                PWM_ReadCapture
 .text.PWM_ClearFIFO
                0x00000c80       0x14 .\CortexM3\ARM_GCC_541\Debug\Never Lose.a(PWM.o)
                0x00000c80                PWM_ClearFIFO
 .text.PWM_Init
                0x00000c94       0x64 .\CortexM3\ARM_GCC_541\Debug\Never Lose.a(PWM.o)
                0x00000c94                PWM_Init
 .text.PWM_Start
                0x00000cf8       0x1c .\CortexM3\ARM_GCC_541\Debug\Never Lose.a(PWM.o)
                0x00000cf8                PWM_Start
 .text.LED_1_Write
                0x00000d14       0x18 .\CortexM3\ARM_GCC_541\Debug\Never Lose.a(LED_1.o)
                0x00000d14                LED_1_Write
 .text.LED_4_Write
                0x00000d2c       0x18 .\CortexM3\ARM_GCC_541\Debug\Never Lose.a(LED_4.o)
                0x00000d2c                LED_4_Write
 .text.Timer_Enable
                0x00000d44       0x10 .\CortexM3\ARM_GCC_541\Debug\Never Lose.a(Timer.o)
                0x00000d44                Timer_Enable
 .text.Timer_SetInterruptMode
                0x00000d54        0xc .\CortexM3\ARM_GCC_541\Debug\Never Lose.a(Timer.o)
                0x00000d54                Timer_SetInterruptMode
 .text.Timer_ReadStatusRegister
                0x00000d60        0xc .\CortexM3\ARM_GCC_541\Debug\Never Lose.a(Timer.o)
                0x00000d60                Timer_ReadStatusRegister
 .text.Timer_WritePeriod
                0x00000d6c        0xc .\CortexM3\ARM_GCC_541\Debug\Never Lose.a(Timer.o)
                0x00000d6c                Timer_WritePeriod
 .text.Timer_ReadCapture
                0x00000d78        0xc .\CortexM3\ARM_GCC_541\Debug\Never Lose.a(Timer.o)
                0x00000d78                Timer_ReadCapture
 .text.Timer_WriteCounter
                0x00000d84        0xc .\CortexM3\ARM_GCC_541\Debug\Never Lose.a(Timer.o)
                0x00000d84                Timer_WriteCounter
 .text.Timer_ClearFIFO
                0x00000d90       0x14 .\CortexM3\ARM_GCC_541\Debug\Never Lose.a(Timer.o)
                0x00000d90                Timer_ClearFIFO
 .text.Timer_Init
                0x00000da4       0x38 .\CortexM3\ARM_GCC_541\Debug\Never Lose.a(Timer.o)
                0x00000da4                Timer_Init
 .text.Timer_Start
                0x00000ddc       0x1c .\CortexM3\ARM_GCC_541\Debug\Never Lose.a(Timer.o)
                0x00000ddc                Timer_Start
 .text.ADC_GainCompensation
                0x00000df8       0xe0 .\CortexM3\ARM_GCC_541\Debug\Never Lose.a(ADC.o)
 .text.ADC_SetDSMRef0Reg
                0x00000ed8       0x4c .\CortexM3\ARM_GCC_541\Debug\Never Lose.a(ADC.o)
 .text.ADC_InitConfig
                0x00000f24      0x32c .\CortexM3\ARM_GCC_541\Debug\Never Lose.a(ADC.o)
 .text.ADC_Init
                0x00001250      0x108 .\CortexM3\ARM_GCC_541\Debug\Never Lose.a(ADC.o)
                0x00001250                ADC_Init
 .text.ADC_Enable
                0x00001358       0xd8 .\CortexM3\ARM_GCC_541\Debug\Never Lose.a(ADC.o)
                0x00001358                ADC_Enable
 .text.ADC_Start
                0x00001430       0x28 .\CortexM3\ARM_GCC_541\Debug\Never Lose.a(ADC.o)
                0x00001430                ADC_Start
 .text.ADC_StartConvert
                0x00001458       0x10 .\CortexM3\ARM_GCC_541\Debug\Never Lose.a(ADC.o)
                0x00001458                ADC_StartConvert
 .text.ADC_StopConvert
                0x00001468       0x10 .\CortexM3\ARM_GCC_541\Debug\Never Lose.a(ADC.o)
                0x00001468                ADC_StopConvert
 .text.ADC_IsEndConversion
                0x00001478       0x30 .\CortexM3\ARM_GCC_541\Debug\Never Lose.a(ADC.o)
                0x00001478                ADC_IsEndConversion
 .text.ADC_GetResult32
                0x000014a8       0x6c .\CortexM3\ARM_GCC_541\Debug\Never Lose.a(ADC.o)
                0x000014a8                ADC_GetResult32
 .text.ADC_Read32
                0x00001514       0x28 .\CortexM3\ARM_GCC_541\Debug\Never Lose.a(ADC.o)
                0x00001514                ADC_Read32
 .text.ADC_ISR1
                0x0000153c        0x4 .\CortexM3\ARM_GCC_541\Debug\Never Lose.a(ADC_INT.o)
                0x0000153c                ADC_ISR1
 .text.ADC_ISR2
                0x00001540        0x4 .\CortexM3\ARM_GCC_541\Debug\Never Lose.a(ADC_INT.o)
                0x00001540                ADC_ISR2
 .text.ADC_ISR3
                0x00001544        0x4 .\CortexM3\ARM_GCC_541\Debug\Never Lose.a(ADC_INT.o)
                0x00001544                ADC_ISR3
 .text.ADC_ISR4
                0x00001548        0x4 .\CortexM3\ARM_GCC_541\Debug\Never Lose.a(ADC_INT.o)
                0x00001548                ADC_ISR4
 .text.LCD_WrCntrlNib
                0x0000154c       0x34 .\CortexM3\ARM_GCC_541\Debug\Never Lose.a(LCD.o)
 .text.LCD_WrDatNib
                0x00001580       0x44 .\CortexM3\ARM_GCC_541\Debug\Never Lose.a(LCD.o)
 .text.LCD_IsReady
                0x000015c4       0xe4 .\CortexM3\ARM_GCC_541\Debug\Never Lose.a(LCD.o)
                0x000015c4                LCD_IsReady
 .text.LCD_WriteData
                0x000016a8       0x18 .\CortexM3\ARM_GCC_541\Debug\Never Lose.a(LCD.o)
                0x000016a8                LCD_WriteData
 .text.LCD_PrintString
                0x000016c0       0x1c .\CortexM3\ARM_GCC_541\Debug\Never Lose.a(LCD.o)
                0x000016c0                LCD_PrintString
 .text.LCD_WriteControl
                0x000016dc       0x18 .\CortexM3\ARM_GCC_541\Debug\Never Lose.a(LCD.o)
                0x000016dc                LCD_WriteControl
 .text.LCD_Init
                0x000016f4       0x6c .\CortexM3\ARM_GCC_541\Debug\Never Lose.a(LCD.o)
                0x000016f4                LCD_Init
 .text.LCD_Enable
                0x00001760       0x14 .\CortexM3\ARM_GCC_541\Debug\Never Lose.a(LCD.o)
                0x00001760                LCD_Enable
 .text.LCD_Start
                0x00001774       0x1c .\CortexM3\ARM_GCC_541\Debug\Never Lose.a(LCD.o)
                0x00001774                LCD_Start
 .text.LCD_Position
                0x00001790       0x3c .\CortexM3\ARM_GCC_541\Debug\Never Lose.a(LCD.o)
                0x00001790                LCD_Position
 .text.UART_IntClock_Start
                0x000017cc       0x1c .\CortexM3\ARM_GCC_541\Debug\Never Lose.a(UART_IntClock.o)
                0x000017cc                UART_IntClock_Start
 .text.ADC_Ext_CP_Clk_GetDividerRegister
                0x000017e8        0xc .\CortexM3\ARM_GCC_541\Debug\Never Lose.a(ADC_Ext_CP_Clk.o)
                0x000017e8                ADC_Ext_CP_Clk_GetDividerRegister
 .text.ADC_Ext_CP_Clk_SetModeRegister
                0x000017f4       0x14 .\CortexM3\ARM_GCC_541\Debug\Never Lose.a(ADC_Ext_CP_Clk.o)
                0x000017f4                ADC_Ext_CP_Clk_SetModeRegister
 .text.ADC_Ext_CP_Clk_GetSourceRegister
                0x00001808       0x10 .\CortexM3\ARM_GCC_541\Debug\Never Lose.a(ADC_Ext_CP_Clk.o)
                0x00001808                ADC_Ext_CP_Clk_GetSourceRegister
 .text.ADC_Ext_CP_Clk_SetDividerRegister
                0x00001818       0xd8 .\CortexM3\ARM_GCC_541\Debug\Never Lose.a(ADC_Ext_CP_Clk.o)
                0x00001818                ADC_Ext_CP_Clk_SetDividerRegister
 .text.ADC_theACLK_GetDividerRegister
                0x000018f0        0xc .\CortexM3\ARM_GCC_541\Debug\Never Lose.a(ADC_theACLK.o)
                0x000018f0                ADC_theACLK_GetDividerRegister
 .text.ADC_theACLK_SetModeRegister
                0x000018fc       0x14 .\CortexM3\ARM_GCC_541\Debug\Never Lose.a(ADC_theACLK.o)
                0x000018fc                ADC_theACLK_SetModeRegister
 .text.ADC_theACLK_GetSourceRegister
                0x00001910       0x10 .\CortexM3\ARM_GCC_541\Debug\Never Lose.a(ADC_theACLK.o)
                0x00001910                ADC_theACLK_GetSourceRegister
 .text.ADC_theACLK_SetDividerRegister
                0x00001920       0xd8 .\CortexM3\ARM_GCC_541\Debug\Never Lose.a(ADC_theACLK.o)
                0x00001920                ADC_theACLK_SetDividerRegister
 .text.ROW0_Read
                0x000019f8       0x10 .\CortexM3\ARM_GCC_541\Debug\Never Lose.a(ROW0.o)
                0x000019f8                ROW0_Read
 .text.ROW1_Read
                0x00001a08       0x10 .\CortexM3\ARM_GCC_541\Debug\Never Lose.a(ROW1.o)
                0x00001a08                ROW1_Read
 .text.ROW2_Read
                0x00001a18        0xc .\CortexM3\ARM_GCC_541\Debug\Never Lose.a(ROW2.o)
                0x00001a18                ROW2_Read
 .text.ROW3_Read
                0x00001a24       0x10 .\CortexM3\ARM_GCC_541\Debug\Never Lose.a(ROW3.o)
                0x00001a24                ROW3_Read
 .text.COL1_Write
                0x00001a34       0x18 .\CortexM3\ARM_GCC_541\Debug\Never Lose.a(COL1.o)
                0x00001a34                COL1_Write
 .text.COL2_Write
                0x00001a4c       0x18 .\CortexM3\ARM_GCC_541\Debug\Never Lose.a(COL2.o)
                0x00001a4c                COL2_Write
 .text.COL3_Write
                0x00001a64       0x18 .\CortexM3\ARM_GCC_541\Debug\Never Lose.a(COL3.o)
                0x00001a64                COL3_Write
 .text.RX_ISR_SetVector
                0x00001a7c        0xc .\CortexM3\ARM_GCC_541\Debug\Never Lose.a(RX_ISR.o)
                0x00001a7c                RX_ISR_SetVector
 .text.RX_ISR_SetPriority
                0x00001a88       0x10 .\CortexM3\ARM_GCC_541\Debug\Never Lose.a(RX_ISR.o)
                0x00001a88                RX_ISR_SetPriority
 .text.RX_ISR_Enable
                0x00001a98        0xc .\CortexM3\ARM_GCC_541\Debug\Never Lose.a(RX_ISR.o)
                0x00001a98                RX_ISR_Enable
 .text.RX_ISR_Disable
                0x00001aa4        0xc .\CortexM3\ARM_GCC_541\Debug\Never Lose.a(RX_ISR.o)
                0x00001aa4                RX_ISR_Disable
 .text.RX_ISR_StartEx
                0x00001ab0       0x1c .\CortexM3\ARM_GCC_541\Debug\Never Lose.a(RX_ISR.o)
                0x00001ab0                RX_ISR_StartEx
 .text.Timer_ISR_SetVector
                0x00001acc        0xc .\CortexM3\ARM_GCC_541\Debug\Never Lose.a(Timer_ISR.o)
                0x00001acc                Timer_ISR_SetVector
 .text.Timer_ISR_SetPriority
                0x00001ad8       0x10 .\CortexM3\ARM_GCC_541\Debug\Never Lose.a(Timer_ISR.o)
                0x00001ad8                Timer_ISR_SetPriority
 .text.Timer_ISR_Enable
                0x00001ae8        0xc .\CortexM3\ARM_GCC_541\Debug\Never Lose.a(Timer_ISR.o)
                0x00001ae8                Timer_ISR_Enable
 .text.Timer_ISR_Disable
                0x00001af4        0xc .\CortexM3\ARM_GCC_541\Debug\Never Lose.a(Timer_ISR.o)
                0x00001af4                Timer_ISR_Disable
 .text.Timer_ISR_StartEx
                0x00001b00       0x1c .\CortexM3\ARM_GCC_541\Debug\Never Lose.a(Timer_ISR.o)
                0x00001b00                Timer_ISR_StartEx
 .text.VDAC_Enable
                0x00001b1c       0x1c .\CortexM3\ARM_GCC_541\Debug\Never Lose.a(VDAC.o)
                0x00001b1c                VDAC_Enable
 .text.VDAC_SetSpeed
                0x00001b38       0x1c .\CortexM3\ARM_GCC_541\Debug\Never Lose.a(VDAC.o)
                0x00001b38                VDAC_SetSpeed
 .text.VDAC_SetValue
                0x00001b54        0xc .\CortexM3\ARM_GCC_541\Debug\Never Lose.a(VDAC.o)
                0x00001b54                VDAC_SetValue
 .text.VDAC_DacTrim
                0x00001b60       0x24 .\CortexM3\ARM_GCC_541\Debug\Never Lose.a(VDAC.o)
                0x00001b60                VDAC_DacTrim
 .text.VDAC_SetRange
                0x00001b84       0x20 .\CortexM3\ARM_GCC_541\Debug\Never Lose.a(VDAC.o)
                0x00001b84                VDAC_SetRange
 .text.VDAC_Init
                0x00001ba4       0x20 .\CortexM3\ARM_GCC_541\Debug\Never Lose.a(VDAC.o)
                0x00001ba4                VDAC_Init
 .text.VDAC_Start
                0x00001bc4       0x24 .\CortexM3\ARM_GCC_541\Debug\Never Lose.a(VDAC.o)
                0x00001bc4                VDAC_Start
 .text.AMux_Start
                0x00001be8       0x20 .\CortexM3\ARM_GCC_541\Debug\Never Lose.a(AMux.o)
                0x00001be8                AMux_Start
 .text.AMux_Select
                0x00001c08       0x18 .\CortexM3\ARM_GCC_541\Debug\Never Lose.a(AMux.o)
                0x00001c08                AMux_Select
 .text.ADC_AMux_Start
                0x00001c20       0x20 .\CortexM3\ARM_GCC_541\Debug\Never Lose.a(ADC_AMux.o)
                0x00001c20                ADC_AMux_Start
 .text.ADC_AMux_Select
                0x00001c40       0x18 .\CortexM3\ARM_GCC_541\Debug\Never Lose.a(ADC_AMux.o)
                0x00001c40                ADC_AMux_Select
 .text          0x00001c58       0x20 .\CortexM3\ARM_GCC_541\Debug\Never Lose.a(CyBootAsmGnu.o)
                0x00001c58                CyDelayCycles
                0x00001c68                CyEnterCriticalSection
                0x00001c70                CyExitCriticalSection
 .text.sin      0x00001c78       0x90 c:/program files (x86)/cypress/psoc creator/4.4/psoc creator/import/gnu/arm/5.4.1/bin/../lib/gcc/arm-none-eabi/5.4.1/../../../../arm-none-eabi/lib/armv7-m\libm.a(lib_a-s_sin.o)
                0x00001c78                sin
 .text.__ieee754_rem_pio2
                0x00001d08      0x42c c:/program files (x86)/cypress/psoc creator/4.4/psoc creator/import/gnu/arm/5.4.1/bin/../lib/gcc/arm-none-eabi/5.4.1/../../../../arm-none-eabi/lib/armv7-m\libm.a(lib_a-e_rem_pio2.o)
                0x00001d08                __ieee754_rem_pio2
 *fill*         0x00002134        0x4 
 .text.__kernel_cos
                0x00002138      0x248 c:/program files (x86)/cypress/psoc creator/4.4/psoc creator/import/gnu/arm/5.4.1/bin/../lib/gcc/arm-none-eabi/5.4.1/../../../../arm-none-eabi/lib/armv7-m\libm.a(lib_a-k_cos.o)
                0x00002138                __kernel_cos
 .text.__kernel_rem_pio2
                0x00002380      0x7f0 c:/program files (x86)/cypress/psoc creator/4.4/psoc creator/import/gnu/arm/5.4.1/bin/../lib/gcc/arm-none-eabi/5.4.1/../../../../arm-none-eabi/lib/armv7-m\libm.a(lib_a-k_rem_pio2.o)
                0x00002380                __kernel_rem_pio2
 .text.__kernel_sin
                0x00002b70      0x16c c:/program files (x86)/cypress/psoc creator/4.4/psoc creator/import/gnu/arm/5.4.1/bin/../lib/gcc/arm-none-eabi/5.4.1/../../../../arm-none-eabi/lib/armv7-m\libm.a(lib_a-k_sin.o)
                0x00002b70                __kernel_sin
 .text.fabs     0x00002cdc        0x8 c:/program files (x86)/cypress/psoc creator/4.4/psoc creator/import/gnu/arm/5.4.1/bin/../lib/gcc/arm-none-eabi/5.4.1/../../../../arm-none-eabi/lib/armv7-m\libm.a(lib_a-s_fabs.o)
                0x00002cdc                fabs
 *fill*         0x00002ce4        0x4 
 .text.floor    0x00002ce8      0x110 c:/program files (x86)/cypress/psoc creator/4.4/psoc creator/import/gnu/arm/5.4.1/bin/../lib/gcc/arm-none-eabi/5.4.1/../../../../arm-none-eabi/lib/armv7-m\libm.a(lib_a-s_floor.o)
                0x00002ce8                floor
 .text.scalbn   0x00002df8       0xe4 c:/program files (x86)/cypress/psoc creator/4.4/psoc creator/import/gnu/arm/5.4.1/bin/../lib/gcc/arm-none-eabi/5.4.1/../../../../arm-none-eabi/lib/armv7-m\libm.a(lib_a-s_scalbn.o)
                0x00002df8                scalbn
 .text.copysign
                0x00002edc       0x10 c:/program files (x86)/cypress/psoc creator/4.4/psoc creator/import/gnu/arm/5.4.1/bin/../lib/gcc/arm-none-eabi/5.4.1/../../../../arm-none-eabi/lib/armv7-m\libm.a(lib_a-s_copysign.o)
                0x00002edc                copysign
 .text          0x00002eec      0x370 c:/program files (x86)/cypress/psoc creator/4.4/psoc creator/import/gnu/arm/5.4.1/bin/../lib/gcc/arm-none-eabi/5.4.1/armv7-m\libgcc.a(_arm_addsubdf3.o)
                0x00002eec                __aeabi_drsub
                0x00002ef4                __aeabi_dsub
                0x00002ef4                __subdf3
                0x00002ef8                __aeabi_dadd
                0x00002ef8                __adddf3
                0x00003170                __floatunsidf
                0x00003170                __aeabi_ui2d
                0x00003190                __floatsidf
                0x00003190                __aeabi_i2d
                0x000031b4                __aeabi_f2d
                0x000031b4                __extendsfdf2
                0x000031f0                __floatundidf
                0x000031f0                __aeabi_ul2d
                0x00003200                __floatdidf
                0x00003200                __aeabi_l2d
 .text          0x0000325c      0x424 c:/program files (x86)/cypress/psoc creator/4.4/psoc creator/import/gnu/arm/5.4.1/bin/../lib/gcc/arm-none-eabi/5.4.1/armv7-m\libgcc.a(_arm_muldivdf3.o)
                0x0000325c                __aeabi_dmul
                0x0000325c                __muldf3
                0x000034b0                __divdf3
                0x000034b0                __aeabi_ddiv
 .text          0x00003680      0x110 c:/program files (x86)/cypress/psoc creator/4.4/psoc creator/import/gnu/arm/5.4.1/bin/../lib/gcc/arm-none-eabi/5.4.1/armv7-m\libgcc.a(_arm_cmpdf2.o)
                0x00003680                __gtdf2
                0x00003680                __gedf2
                0x00003688                __ltdf2
                0x00003688                __ledf2
                0x00003690                __nedf2
                0x00003690                __eqdf2
                0x00003690                __cmpdf2
                0x0000370c                __aeabi_cdrcmple
                0x0000371c                __aeabi_cdcmpeq
                0x0000371c                __aeabi_cdcmple
                0x0000372c                __aeabi_dcmpeq
                0x00003740                __aeabi_dcmplt
                0x00003754                __aeabi_dcmple
                0x00003768                __aeabi_dcmpge
                0x0000377c                __aeabi_dcmpgt
 .text          0x00003790       0x50 c:/program files (x86)/cypress/psoc creator/4.4/psoc creator/import/gnu/arm/5.4.1/bin/../lib/gcc/arm-none-eabi/5.4.1/armv7-m\libgcc.a(_arm_fixdfsi.o)
                0x00003790                __aeabi_d2iz
                0x00003790                __fixdfsi
 .text          0x000037e0       0xa0 c:/program files (x86)/cypress/psoc creator/4.4/psoc creator/import/gnu/arm/5.4.1/bin/../lib/gcc/arm-none-eabi/5.4.1/armv7-m\libgcc.a(_arm_truncdfsf2.o)
                0x000037e0                __truncdfsf2
                0x000037e0                __aeabi_d2f
 .text          0x00003880      0x2a0 c:/program files (x86)/cypress/psoc creator/4.4/psoc creator/import/gnu/arm/5.4.1/bin/../lib/gcc/arm-none-eabi/5.4.1/armv7-m\libgcc.a(_arm_muldivsf3.o)
                0x00003880                __mulsf3
                0x00003880                __aeabi_fmul
                0x000039e8                __aeabi_fdiv
                0x000039e8                __divsf3
 .text          0x00003b20       0x40 c:/program files (x86)/cypress/psoc creator/4.4/psoc creator/import/gnu/arm/5.4.1/bin/../lib/gcc/arm-none-eabi/5.4.1/armv7-m\libgcc.a(_arm_fixunssfsi.o)
                0x00003b20                __fixunssfsi
                0x00003b20                __aeabi_f2uiz
 .text.__errno  0x00003b60        0xc c:/program files (x86)/cypress/psoc creator/4.4/psoc creator/import/gnu/arm/5.4.1/bin/../lib/gcc/arm-none-eabi/5.4.1/../../../../arm-none-eabi/lib/armv7-m\libg_nano.a(lib_a-errno.o)
                0x00003b60                __errno
 .text.__libc_init_array
                0x00003b6c       0x4c c:/program files (x86)/cypress/psoc creator/4.4/psoc creator/import/gnu/arm/5.4.1/bin/../lib/gcc/arm-none-eabi/5.4.1/../../../../arm-none-eabi/lib/armv7-m\libg_nano.a(lib_a-init.o)
                0x00003b6c                __libc_init_array
 .text.memcpy   0x00003bb8       0x16 c:/program files (x86)/cypress/psoc creator/4.4/psoc creator/import/gnu/arm/5.4.1/bin/../lib/gcc/arm-none-eabi/5.4.1/../../../../arm-none-eabi/lib/armv7-m\libg_nano.a(lib_a-memcpy-stub.o)
                0x00003bb8                memcpy
 .text.memset   0x00003bce       0x10 c:/program files (x86)/cypress/psoc creator/4.4/psoc creator/import/gnu/arm/5.4.1/bin/../lib/gcc/arm-none-eabi/5.4.1/../../../../arm-none-eabi/lib/armv7-m\libg_nano.a(lib_a-memset.o)
                0x00003bce                memset
 *fill*         0x00003bde        0x2 
 .text.sprintf  0x00003be0       0x48 c:/program files (x86)/cypress/psoc creator/4.4/psoc creator/import/gnu/arm/5.4.1/bin/../lib/gcc/arm-none-eabi/5.4.1/../../../../arm-none-eabi/lib/armv7-m\libg_nano.a(lib_a-sprintf.o)
                0x00003be0                siprintf
                0x00003be0                sprintf
 .text.strncmp  0x00003c28       0x2a c:/program files (x86)/cypress/psoc creator/4.4/psoc creator/import/gnu/arm/5.4.1/bin/../lib/gcc/arm-none-eabi/5.4.1/../../../../arm-none-eabi/lib/armv7-m\libg_nano.a(lib_a-strncmp.o)
                0x00003c28                strncmp
 .text.__ssputs_r
                0x00003c52       0xb2 c:/program files (x86)/cypress/psoc creator/4.4/psoc creator/import/gnu/arm/5.4.1/bin/../lib/gcc/arm-none-eabi/5.4.1/../../../../arm-none-eabi/lib/armv7-m\libg_nano.a(lib_a-nano-svfprintf.o)
                0x00003c52                __ssputs_r
 .text._svfprintf_r
                0x00003d04      0x1e8 c:/program files (x86)/cypress/psoc creator/4.4/psoc creator/import/gnu/arm/5.4.1/bin/../lib/gcc/arm-none-eabi/5.4.1/../../../../arm-none-eabi/lib/armv7-m\libg_nano.a(lib_a-nano-svfprintf.o)
                0x00003d04                _svfiprintf_r
                0x00003d04                _svfprintf_r
 .text._printf_common
                0x00003eec       0xec c:/program files (x86)/cypress/psoc creator/4.4/psoc creator/import/gnu/arm/5.4.1/bin/../lib/gcc/arm-none-eabi/5.4.1/../../../../arm-none-eabi/lib/armv7-m\libg_nano.a(lib_a-nano-vfprintf_i.o)
                0x00003eec                _printf_common
 .text._printf_i
                0x00003fd8      0x24c c:/program files (x86)/cypress/psoc creator/4.4/psoc creator/import/gnu/arm/5.4.1/bin/../lib/gcc/arm-none-eabi/5.4.1/../../../../arm-none-eabi/lib/armv7-m\libg_nano.a(lib_a-nano-vfprintf_i.o)
                0x00003fd8                _printf_i
 .text.memchr   0x00004224       0x1c c:/program files (x86)/cypress/psoc creator/4.4/psoc creator/import/gnu/arm/5.4.1/bin/../lib/gcc/arm-none-eabi/5.4.1/../../../../arm-none-eabi/lib/armv7-m\libg_nano.a(lib_a-memchr-stub.o)
                0x00004224                memchr
 .text.memmove  0x00004240       0x36 c:/program files (x86)/cypress/psoc creator/4.4/psoc creator/import/gnu/arm/5.4.1/bin/../lib/gcc/arm-none-eabi/5.4.1/../../../../arm-none-eabi/lib/armv7-m\libg_nano.a(lib_a-memmove.o)
                0x00004240                memmove
 *fill*         0x00004276        0x2 
 .text._free_r  0x00004278       0x98 c:/program files (x86)/cypress/psoc creator/4.4/psoc creator/import/gnu/arm/5.4.1/bin/../lib/gcc/arm-none-eabi/5.4.1/../../../../arm-none-eabi/lib/armv7-m\libg_nano.a(lib_a-nano-freer.o)
                0x00004278                _free_r
 .text._malloc_r
                0x00004310       0xbc c:/program files (x86)/cypress/psoc creator/4.4/psoc creator/import/gnu/arm/5.4.1/bin/../lib/gcc/arm-none-eabi/5.4.1/../../../../arm-none-eabi/lib/armv7-m\libg_nano.a(lib_a-nano-mallocr.o)
                0x00004310                _malloc_r
 .text._realloc_r
                0x000043cc       0x4c c:/program files (x86)/cypress/psoc creator/4.4/psoc creator/import/gnu/arm/5.4.1/bin/../lib/gcc/arm-none-eabi/5.4.1/../../../../arm-none-eabi/lib/armv7-m\libg_nano.a(lib_a-nano-reallocr.o)
                0x000043cc                _realloc_r
 .text._sbrk_r  0x00004418       0x20 c:/program files (x86)/cypress/psoc creator/4.4/psoc creator/import/gnu/arm/5.4.1/bin/../lib/gcc/arm-none-eabi/5.4.1/../../../../arm-none-eabi/lib/armv7-m\libg_nano.a(lib_a-sbrkr.o)
                0x00004418                _sbrk_r
 .text.__malloc_lock
                0x00004438        0x2 c:/program files (x86)/cypress/psoc creator/4.4/psoc creator/import/gnu/arm/5.4.1/bin/../lib/gcc/arm-none-eabi/5.4.1/../../../../arm-none-eabi/lib/armv7-m\libg_nano.a(lib_a-mlock.o)
                0x00004438                __malloc_lock
 .text.__malloc_unlock
                0x0000443a        0x2 c:/program files (x86)/cypress/psoc creator/4.4/psoc creator/import/gnu/arm/5.4.1/bin/../lib/gcc/arm-none-eabi/5.4.1/../../../../arm-none-eabi/lib/armv7-m\libg_nano.a(lib_a-mlock.o)
                0x0000443a                __malloc_unlock
 .text._malloc_usable_size_r
                0x0000443c       0x14 c:/program files (x86)/cypress/psoc creator/4.4/psoc creator/import/gnu/arm/5.4.1/bin/../lib/gcc/arm-none-eabi/5.4.1/../../../../arm-none-eabi/lib/armv7-m\libg_nano.a(lib_a-nano-msizer.o)
                0x0000443c                _malloc_usable_size_r
 *(.plt)
 *(.gnu.warning)
 *(.glue_7t)
 .glue_7t       0x00004450        0x0 linker stubs
 *(.glue_7)
 .glue_7        0x00004450        0x0 linker stubs
 *(.vfp11_veneer)
 .vfp11_veneer  0x00004450        0x0 linker stubs
 *(.bootloader)
 *(.ARM.extab* .gnu.linkonce.armextab.*)
 *(.gcc_except_table)

.v4_bx          0x00004450        0x0
 .v4_bx         0x00004450        0x0 linker stubs

.iplt           0x00004450        0x0
 .iplt          0x00004450        0x0 c:/program files (x86)/cypress/psoc creator/4.4/psoc creator/import/gnu/arm/5.4.1/bin/../lib/gcc/arm-none-eabi/5.4.1/armv7-m/crtbegin.o

.eh_frame_hdr
 *(.eh_frame_hdr)

.eh_frame       0x00004450        0x4
 *(.eh_frame)
 .eh_frame      0x00004450        0x0 c:/program files (x86)/cypress/psoc creator/4.4/psoc creator/import/gnu/arm/5.4.1/bin/../lib/gcc/arm-none-eabi/5.4.1/armv7-m/crtbegin.o
 .eh_frame      0x00004450        0x4 c:/program files (x86)/cypress/psoc creator/4.4/psoc creator/import/gnu/arm/5.4.1/bin/../lib/gcc/arm-none-eabi/5.4.1/armv7-m/crtend.o
                [!provide]                PROVIDE (__exidx_start, .)

.ARM.exidx
 *(.ARM.exidx* .gnu.linkonce.armexidx.*)
                0x00004454                __exidx_end = .

.rodata         0x00004458      0x2f0
 *(.rodata .rodata.* .gnu.linkonce.r.*)
 .rodata.str1.4
                0x00004458       0x4c .\CortexM3\ARM_GCC_541\Debug\main.o
                                 0x4f (size before relaxing)
 .rodata        0x000044a4       0x56 .\CortexM3\ARM_GCC_541\Debug\cyfitter_cfg.o
                0x000044a4                AMux__addrTable
                0x000044b4                AMux__maskTable
                0x000044b8                ADC_AMux__addrTable
                0x000044c0                ADC_AMux__maskTable
 *fill*         0x000044fa        0x2 
 .rodata.npio2_hw
                0x000044fc       0x80 c:/program files (x86)/cypress/psoc creator/4.4/psoc creator/import/gnu/arm/5.4.1/bin/../lib/gcc/arm-none-eabi/5.4.1/../../../../arm-none-eabi/lib/armv7-m\libm.a(lib_a-e_rem_pio2.o)
 .rodata.two_over_pi
                0x0000457c      0x108 c:/program files (x86)/cypress/psoc creator/4.4/psoc creator/import/gnu/arm/5.4.1/bin/../lib/gcc/arm-none-eabi/5.4.1/../../../../arm-none-eabi/lib/armv7-m\libm.a(lib_a-e_rem_pio2.o)
 .rodata.init_jk
                0x00004684       0x10 c:/program files (x86)/cypress/psoc creator/4.4/psoc creator/import/gnu/arm/5.4.1/bin/../lib/gcc/arm-none-eabi/5.4.1/../../../../arm-none-eabi/lib/armv7-m\libm.a(lib_a-k_rem_pio2.o)
 *fill*         0x00004694        0x4 
 .rodata.PIo2   0x00004698       0x40 c:/program files (x86)/cypress/psoc creator/4.4/psoc creator/import/gnu/arm/5.4.1/bin/../lib/gcc/arm-none-eabi/5.4.1/../../../../arm-none-eabi/lib/armv7-m\libm.a(lib_a-k_rem_pio2.o)
 .rodata.str1.1
                0x000046d8        0x2 c:/program files (x86)/cypress/psoc creator/4.4/psoc creator/import/gnu/arm/5.4.1/bin/../lib/gcc/arm-none-eabi/5.4.1/../../../../arm-none-eabi/lib/armv7-m\libg_nano.a(lib_a-impure.o)
 .rodata.str1.1
                0x000046da       0x11 c:/program files (x86)/cypress/psoc creator/4.4/psoc creator/import/gnu/arm/5.4.1/bin/../lib/gcc/arm-none-eabi/5.4.1/../../../../arm-none-eabi/lib/armv7-m\libg_nano.a(lib_a-nano-svfprintf.o)
 .rodata.str1.1
                0x000046eb       0x22 c:/program files (x86)/cypress/psoc creator/4.4/psoc creator/import/gnu/arm/5.4.1/bin/../lib/gcc/arm-none-eabi/5.4.1/../../../../arm-none-eabi/lib/armv7-m\libg_nano.a(lib_a-nano-vfprintf_i.o)
                0x00004710                . = ALIGN (0x4)
 *fill*         0x0000470d        0x3 
 *(.init)
 .init          0x00004710        0x4 c:/program files (x86)/cypress/psoc creator/4.4/psoc creator/import/gnu/arm/5.4.1/bin/../lib/gcc/arm-none-eabi/5.4.1/armv7-m/crti.o
                0x00004710                _init
 .init          0x00004714        0x8 c:/program files (x86)/cypress/psoc creator/4.4/psoc creator/import/gnu/arm/5.4.1/bin/../lib/gcc/arm-none-eabi/5.4.1/armv7-m/crtn.o
                0x0000471c                . = ALIGN (0x4)
                0x0000471c                __preinit_array_start = .
 *(.preinit_array)
                0x0000471c                __preinit_array_end = .
                0x0000471c                . = ALIGN (0x4)
                0x0000471c                __init_array_start = .
 *(SORT(.init_array.*))
 *(.init_array)
 .init_array    0x0000471c        0x4 c:/program files (x86)/cypress/psoc creator/4.4/psoc creator/import/gnu/arm/5.4.1/bin/../lib/gcc/arm-none-eabi/5.4.1/armv7-m/crtbegin.o
 .init_array    0x00004720        0x4 .\CortexM3\ARM_GCC_541\Debug\Cm3Start.o
                0x00004724                __init_array_end = .
                0x00004724                . = ALIGN (0x4)
 *(.fini)
 .fini          0x00004724        0x4 c:/program files (x86)/cypress/psoc creator/4.4/psoc creator/import/gnu/arm/5.4.1/bin/../lib/gcc/arm-none-eabi/5.4.1/armv7-m/crti.o
                0x00004724                _fini
 .fini          0x00004728        0x8 c:/program files (x86)/cypress/psoc creator/4.4/psoc creator/import/gnu/arm/5.4.1/bin/../lib/gcc/arm-none-eabi/5.4.1/armv7-m/crtn.o
                0x00004730                . = ALIGN (0x4)
                0x00004730                __fini_array_start = .
 *(.fini_array)
 .fini_array    0x00004730        0x4 c:/program files (x86)/cypress/psoc creator/4.4/psoc creator/import/gnu/arm/5.4.1/bin/../lib/gcc/arm-none-eabi/5.4.1/armv7-m/crtbegin.o
 *(SORT(.fini_array.*))
                0x00004734                __fini_array_end = .
                0x00004734                . = ALIGN (0x4)
 *crtbegin.o(.ctors)
 *(EXCLUDE_FILE(*crtend.o) .ctors)
 *(SORT(.ctors.*))
 *crtend.o(.ctors)
                0x00004734                . = ALIGN (0x4)
 *crtbegin.o(.dtors)
 *(EXCLUDE_FILE(*crtend.o) .dtors)
 *(SORT(.dtors.*))
 *crtend.o(.dtors)
                0x00004734                . = ALIGN (0x4)
                0x00004734                __cy_regions = .
                0x00004734        0x4 LONG 0x4748 __cy_region_init_ram
                0x00004738        0x4 LONG 0x1fff80c8 __cy_region_start_data
                0x0000473c        0x4 LONG 0x80 __cy_region_init_size_ram
                0x00004740        0x4 LONG 0x3a8 __cy_region_zero_size_ram
                0x00004744                __cy_regions_end = .
                0x00004748                . = ALIGN (0x8)
 *fill*         0x00004744        0x4 
                0x00004748                _etext = .

.cy_checksum_exclude
                0x00004748        0x0
 *(.cy_checksum_exclude)

.ramvectors     0x1fff8000       0xc0
                0x1fff8000                __cy_region_start_ram = .
 *(.ramvectors)
 .ramvectors    0x1fff8000       0xc0 .\CortexM3\ARM_GCC_541\Debug\Cm3Start.o
                0x1fff8000                CyRamVectors

.noinit         0x1fff80c0        0x1
 *(.noinit)
 .noinit        0x1fff80c0        0x1 .\CortexM3\ARM_GCC_541\Debug\Never Lose.a(CyLib.o)
                0x1fff80c0                CyResetStatus

.data           0x1fff80c8       0x80 load address 0x00004748
                0x1fff80c8                __cy_region_start_data = .
 *(.jcr)
 .jcr           0x1fff80c8        0x0 c:/program files (x86)/cypress/psoc creator/4.4/psoc creator/import/gnu/arm/5.4.1/bin/../lib/gcc/arm-none-eabi/5.4.1/armv7-m/crtbegin.o
 .jcr           0x1fff80c8        0x4 c:/program files (x86)/cypress/psoc creator/4.4/psoc creator/import/gnu/arm/5.4.1/bin/../lib/gcc/arm-none-eabi/5.4.1/armv7-m/crtend.o
 *(.got.plt)
 *(.got)
 *(.shdata)
 *(.data .data.* .gnu.linkonce.d.*)
 .data          0x1fff80cc        0x4 .\CortexM3\ARM_GCC_541\Debug\Cm3Start.o
 .data          0x1fff80d0       0x10 .\CortexM3\ARM_GCC_541\Debug\Never Lose.a(CyLib.o)
                0x1fff80d0                cydelay_32k_ms
                0x1fff80d4                cydelay_freq_khz
                0x1fff80d8                cydelay_freq_mhz
                0x1fff80dc                cydelay_freq_hz
 .data          0x1fff80e0        0x1 .\CortexM3\ARM_GCC_541\Debug\Never Lose.a(ADC.o)
                0x1fff80e0                ADC_Config
 .data          0x1fff80e1        0x1 .\CortexM3\ARM_GCC_541\Debug\Never Lose.a(AMux.o)
 .data          0x1fff80e2        0x1 .\CortexM3\ARM_GCC_541\Debug\Never Lose.a(ADC_AMux.o)
 *fill*         0x1fff80e3        0x1 
 .data.impure_data
                0x1fff80e4       0x60 c:/program files (x86)/cypress/psoc creator/4.4/psoc creator/import/gnu/arm/5.4.1/bin/../lib/gcc/arm-none-eabi/5.4.1/../../../../arm-none-eabi/lib/armv7-m\libg_nano.a(lib_a-impure.o)
 .data._impure_ptr
                0x1fff8144        0x4 c:/program files (x86)/cypress/psoc creator/4.4/psoc creator/import/gnu/arm/5.4.1/bin/../lib/gcc/arm-none-eabi/5.4.1/../../../../arm-none-eabi/lib/armv7-m\libg_nano.a(lib_a-impure.o)
                0x1fff8144                _impure_ptr
                0x1fff8148                . = ALIGN (0x8)
 *(.ram)
                0x1fff8148                _edata = .

.igot.plt       0x1fff8148        0x0 load address 0x000047c8
 .igot.plt      0x1fff8148        0x0 c:/program files (x86)/cypress/psoc creator/4.4/psoc creator/import/gnu/arm/5.4.1/bin/../lib/gcc/arm-none-eabi/5.4.1/armv7-m/crtbegin.o

.bss            0x1fff8148      0x3a8 load address 0x000047c8
                0x1fff8148                PROVIDE (__bss_start__, .)
 *(.shbss)
 *(.bss .bss.* .gnu.linkonce.b.*)
 .bss           0x1fff8148       0x1c c:/program files (x86)/cypress/psoc creator/4.4/psoc creator/import/gnu/arm/5.4.1/bin/../lib/gcc/arm-none-eabi/5.4.1/armv7-m/crtbegin.o
 .bss           0x1fff8164       0x14 .\CortexM3\ARM_GCC_541\Debug\main.o
                0x1fff8164                is_ground_obstacle_detected
                0x1fff8165                is_flying_obstacle_detected
                0x1fff8166                is_running
                0x1fff8168                uart_rx_counter
                0x1fff816c                score
                0x1fff8170                count
                0x1fff8174                speed
 .bss           0x1fff8178        0x2 .\CortexM3\ARM_GCC_541\Debug\Never Lose.a(UART.o)
                0x1fff8178                UART_initVar
 .bss           0x1fff817a        0x1 .\CortexM3\ARM_GCC_541\Debug\Never Lose.a(PWM.o)
                0x1fff817a                PWM_initVar
 .bss           0x1fff817b        0x1 .\CortexM3\ARM_GCC_541\Debug\Never Lose.a(Timer.o)
                0x1fff817b                Timer_initVar
 .bss           0x1fff817c       0x18 .\CortexM3\ARM_GCC_541\Debug\Never Lose.a(ADC.o)
                0x1fff818c                ADC_stopConversion
                0x1fff818d                ADC_convDone
                0x1fff818e                ADC_initVar
                0x1fff818f                ADC_started
                0x1fff8190                ADC_Offset
 .bss           0x1fff8194        0x2 .\CortexM3\ARM_GCC_541\Debug\Never Lose.a(LCD.o)
                0x1fff8194                LCD_enableState
                0x1fff8195                LCD_initVar
 .bss           0x1fff8196        0x1 .\CortexM3\ARM_GCC_541\Debug\Never Lose.a(VDAC.o)
                0x1fff8196                VDAC_initVar
 *fill*         0x1fff8197        0x1 
 .bss.__malloc_sbrk_start
                0x1fff8198        0x4 c:/program files (x86)/cypress/psoc creator/4.4/psoc creator/import/gnu/arm/5.4.1/bin/../lib/gcc/arm-none-eabi/5.4.1/../../../../arm-none-eabi/lib/armv7-m\libg_nano.a(lib_a-nano-mallocr.o)
                0x1fff8198                __malloc_sbrk_start
 .bss.__malloc_free_list
                0x1fff819c        0x4 c:/program files (x86)/cypress/psoc creator/4.4/psoc creator/import/gnu/arm/5.4.1/bin/../lib/gcc/arm-none-eabi/5.4.1/../../../../arm-none-eabi/lib/armv7-m\libg_nano.a(lib_a-nano-mallocr.o)
                0x1fff819c                __malloc_free_list
 *(COMMON)
 COMMON         0x1fff81a0      0x348 .\CortexM3\ARM_GCC_541\Debug\main.o
                0x1fff81a0                duck_audio_vector
                0x1fff8330                score_message
                0x1fff8350                uart_rx_data
                0x1fff8355                uart_rx_buffer
                0x1fff8358                jump_audio_vector
 COMMON         0x1fff84e8        0x4 .\CortexM3\ARM_GCC_541\Debug\Never Lose.a(ADC.o)
                0x1fff84e8                ADC_CountsPerVolt
 COMMON         0x1fff84ec        0x4 c:/program files (x86)/cypress/psoc creator/4.4/psoc creator/import/gnu/arm/5.4.1/bin/../lib/gcc/arm-none-eabi/5.4.1/../../../../arm-none-eabi/lib/armv7-m\libg_nano.a(lib_a-reent.o)
                0x1fff84ec                errno
                0x1fff84f0                . = ALIGN (0x8)
 *(.ram.b)
                0x1fff84f0                _end = .
                0x1fff84f0                __end = .
                0x1fff84f0                PROVIDE (end, .)
                0x1fff84f0                PROVIDE (__bss_end__, .)
                0x00004748                __cy_region_init_ram = LOADADDR (.data)
                0x00000080                __cy_region_init_size_ram = (_edata - ADDR (.data))
                0x000003a8                __cy_region_zero_size_ram = (_end - _edata)

.heap           0x1fff84f0       0x80 load address 0x000047c8
                0x1fff84f0                . = _end
                0x1fff8570                . = (. + 0x80)
 *fill*         0x1fff84f0       0x80 
                0x1fff8570                __cy_heap_limit = .

.stack          0x20007800      0x800
                0x20007800                __cy_stack_limit = .
                0x20008000                . = (. + 0x800)
 *fill*         0x20007800      0x800 
                0x00000001                ASSERT ((__cy_stack_limit >= __cy_heap_limit), region RAM overflowed with stack)
                0x00000000                cy_checksum_exclude_size = (CY_APPL_LOADABLE == 0x1)?SIZEOF (.cy_checksum_exclude):0x0
                0x00000001                ASSERT ((cy_checksum_exclude_size <= CY_CHECKSUM_EXCLUDE_SIZE), CY_BOOT: Section .cy_checksum_exclude size exceedes specified limit.)

.cyloadermeta
 *(.cyloadermeta)

.cyloadablemeta
 *(.cyloadablemeta)

.cyconfigecc    0x80000000      0x648
 *(.cyconfigecc)
 .cyconfigecc   0x80000000      0x648 .\CortexM3\ARM_GCC_541\Debug\cymetadata.o
                0x80000000                cy_meta_configecc

.cycustnvl      0x90000000        0x4
 *(.cycustnvl)
 .cycustnvl     0x90000000        0x4 .\CortexM3\ARM_GCC_541\Debug\cymetadata.o
                0x90000000                cy_meta_custnvl

.cywolatch      0x90100000        0x4
 *(.cywolatch)
 .cywolatch     0x90100000        0x4 .\CortexM3\ARM_GCC_541\Debug\cymetadata.o
                0x90100000                cy_meta_wonvl

.cyeeprom       0x90200000        0x0
 *(.cyeeprom)
                0x00000001                ASSERT ((. <= ((0x90200000 + ee_offset) + ee_size)), .cyeeprom data will not fit in EEPROM)

.cyflashprotect
                0x90400000      0x100
 *(.cyflashprotect)
 .cyflashprotect
                0x90400000      0x100 .\CortexM3\ARM_GCC_541\Debug\cymetadata.o
                0x90400000                cy_meta_flashprotect

.cymeta         0x90500000        0xc
 *(.cymeta)
 .cymeta        0x90500000        0xc .\CortexM3\ARM_GCC_541\Debug\cymetadata.o
                0x90500000                cy_metadata

.rel.dyn        0x000047c8        0x0 load address 0x9050000c
 .rel.iplt      0x000047c8        0x0 c:/program files (x86)/cypress/psoc creator/4.4/psoc creator/import/gnu/arm/5.4.1/bin/../lib/gcc/arm-none-eabi/5.4.1/armv7-m/crtbegin.o

.stab
 *(.stab)

.stabstr
 *(.stabstr)

.debug
 *(.debug)

.line
 *(.line)

.debug_srcinfo
 *(.debug_srcinfo)

.debug_sfnames
 *(.debug_sfnames)

.debug_aranges  0x00000000     0x10a0
 *(.debug_aranges)
 .debug_aranges
                0x00000000       0xc8 .\CortexM3\ARM_GCC_541\Debug\main.o
 .debug_aranges
                0x000000c8       0x28 .\CortexM3\ARM_GCC_541\Debug\keypad.o
 .debug_aranges
                0x000000f0       0x78 .\CortexM3\ARM_GCC_541\Debug\cyfitter_cfg.o
 .debug_aranges
                0x00000168       0x18 .\CortexM3\ARM_GCC_541\Debug\cymetadata.o
 .debug_aranges
                0x00000180       0x48 .\CortexM3\ARM_GCC_541\Debug\Cm3Start.o
 .debug_aranges
                0x000001c8      0x2a0 .\CortexM3\ARM_GCC_541\Debug\Never Lose.a(CyLib.o)
 .debug_aranges
                0x00000468       0x98 .\CortexM3\ARM_GCC_541\Debug\Never Lose.a(cyPm.o)
 .debug_aranges
                0x00000500       0x38 .\CortexM3\ARM_GCC_541\Debug\Never Lose.a(SW_1.o)
 .debug_aranges
                0x00000538       0x38 .\CortexM3\ARM_GCC_541\Debug\Never Lose.a(SW_2.o)
 .debug_aranges
                0x00000570       0x38 .\CortexM3\ARM_GCC_541\Debug\Never Lose.a(SW_3.o)
 .debug_aranges
                0x000005a8       0x38 .\CortexM3\ARM_GCC_541\Debug\Never Lose.a(LED_2.o)
 .debug_aranges
                0x000005e0       0x38 .\CortexM3\ARM_GCC_541\Debug\Never Lose.a(LED_3.o)
 .debug_aranges
                0x00000618       0xf0 .\CortexM3\ARM_GCC_541\Debug\Never Lose.a(UART.o)
 .debug_aranges
                0x00000708       0x70 .\CortexM3\ARM_GCC_541\Debug\Never Lose.a(Clock.o)
 .debug_aranges
                0x00000778       0xa8 .\CortexM3\ARM_GCC_541\Debug\Never Lose.a(PWM.o)
 .debug_aranges
                0x00000820       0x38 .\CortexM3\ARM_GCC_541\Debug\Never Lose.a(LED_1.o)
 .debug_aranges
                0x00000858       0x38 .\CortexM3\ARM_GCC_541\Debug\Never Lose.a(LED_4.o)
 .debug_aranges
                0x00000890       0x90 .\CortexM3\ARM_GCC_541\Debug\Never Lose.a(Timer.o)
 .debug_aranges
                0x00000920       0xe8 .\CortexM3\ARM_GCC_541\Debug\Never Lose.a(ADC.o)
 .debug_aranges
                0x00000a08       0x38 .\CortexM3\ARM_GCC_541\Debug\Never Lose.a(ADC_INT.o)
 .debug_aranges
                0x00000a40       0x98 .\CortexM3\ARM_GCC_541\Debug\Never Lose.a(LCD.o)
 .debug_aranges
                0x00000ad8       0x70 .\CortexM3\ARM_GCC_541\Debug\Never Lose.a(UART_IntClock.o)
 .debug_aranges
                0x00000b48       0x70 .\CortexM3\ARM_GCC_541\Debug\Never Lose.a(ADC_Ext_CP_Clk.o)
 .debug_aranges
                0x00000bb8       0x80 .\CortexM3\ARM_GCC_541\Debug\Never Lose.a(ADC_theACLK.o)
 .debug_aranges
                0x00000c38       0x38 .\CortexM3\ARM_GCC_541\Debug\Never Lose.a(ROW0.o)
 .debug_aranges
                0x00000c70       0x38 .\CortexM3\ARM_GCC_541\Debug\Never Lose.a(ROW1.o)
 .debug_aranges
                0x00000ca8       0x38 .\CortexM3\ARM_GCC_541\Debug\Never Lose.a(ROW2.o)
 .debug_aranges
                0x00000ce0       0x38 .\CortexM3\ARM_GCC_541\Debug\Never Lose.a(ROW3.o)
 .debug_aranges
                0x00000d18       0x38 .\CortexM3\ARM_GCC_541\Debug\Never Lose.a(COL1.o)
 .debug_aranges
                0x00000d50       0x38 .\CortexM3\ARM_GCC_541\Debug\Never Lose.a(COL2.o)
 .debug_aranges
                0x00000d88       0x38 .\CortexM3\ARM_GCC_541\Debug\Never Lose.a(COL3.o)
 .debug_aranges
                0x00000dc0       0x80 .\CortexM3\ARM_GCC_541\Debug\Never Lose.a(RX_ISR.o)
 .debug_aranges
                0x00000e40       0x80 .\CortexM3\ARM_GCC_541\Debug\Never Lose.a(Timer_ISR.o)
 .debug_aranges
                0x00000ec0       0x58 .\CortexM3\ARM_GCC_541\Debug\Never Lose.a(VDAC.o)
 .debug_aranges
                0x00000f18       0x30 .\CortexM3\ARM_GCC_541\Debug\Never Lose.a(AMux.o)
 .debug_aranges
                0x00000f48       0x30 .\CortexM3\ARM_GCC_541\Debug\Never Lose.a(ADC_AMux.o)
 .debug_aranges
                0x00000f78       0x20 .\CortexM3\ARM_GCC_541\Debug\Never Lose.a(CyBootAsmGnu.o)
 .debug_aranges
                0x00000f98       0x88 .\CortexM3\ARM_GCC_541\Debug\Never Lose.a(CyFlash.o)
 .debug_aranges
                0x00001020       0x80 .\CortexM3\ARM_GCC_541\Debug\Never Lose.a(CySpc.o)

.debug_pubnames
 *(.debug_pubnames)

.debug_info     0x00000000     0x8a19
 *(.debug_info .gnu.linkonce.wi.*)
 .debug_info    0x00000000      0xbad .\CortexM3\ARM_GCC_541\Debug\main.o
 .debug_info    0x00000bad      0x380 .\CortexM3\ARM_GCC_541\Debug\keypad.o
 .debug_info    0x00000f2d      0x774 .\CortexM3\ARM_GCC_541\Debug\cyfitter_cfg.o
 .debug_info    0x000016a1      0x138 .\CortexM3\ARM_GCC_541\Debug\cymetadata.o
 .debug_info    0x000017d9      0x3bb .\CortexM3\ARM_GCC_541\Debug\Cm3Start.o
 .debug_info    0x00001b94     0x1374 .\CortexM3\ARM_GCC_541\Debug\Never Lose.a(CyLib.o)
 .debug_info    0x00002f08      0xa2a .\CortexM3\ARM_GCC_541\Debug\Never Lose.a(cyPm.o)
 .debug_info    0x00003932      0x11f .\CortexM3\ARM_GCC_541\Debug\Never Lose.a(SW_1.o)
 .debug_info    0x00003a51      0x11f .\CortexM3\ARM_GCC_541\Debug\Never Lose.a(SW_2.o)
 .debug_info    0x00003b70      0x11f .\CortexM3\ARM_GCC_541\Debug\Never Lose.a(SW_3.o)
 .debug_info    0x00003c8f      0x11f .\CortexM3\ARM_GCC_541\Debug\Never Lose.a(LED_2.o)
 .debug_info    0x00003dae      0x11f .\CortexM3\ARM_GCC_541\Debug\Never Lose.a(LED_3.o)
 .debug_info    0x00003ecd      0x60c .\CortexM3\ARM_GCC_541\Debug\Never Lose.a(UART.o)
 .debug_info    0x000044d9      0x283 .\CortexM3\ARM_GCC_541\Debug\Never Lose.a(Clock.o)
 .debug_info    0x0000475c      0x3a0 .\CortexM3\ARM_GCC_541\Debug\Never Lose.a(PWM.o)
 .debug_info    0x00004afc      0x11f .\CortexM3\ARM_GCC_541\Debug\Never Lose.a(LED_1.o)
 .debug_info    0x00004c1b      0x11f .\CortexM3\ARM_GCC_541\Debug\Never Lose.a(LED_4.o)
 .debug_info    0x00004d3a      0x2ee .\CortexM3\ARM_GCC_541\Debug\Never Lose.a(Timer.o)
 .debug_info    0x00005028      0xbee .\CortexM3\ARM_GCC_541\Debug\Never Lose.a(ADC.o)
 .debug_info    0x00005c16       0xd3 .\CortexM3\ARM_GCC_541\Debug\Never Lose.a(ADC_INT.o)
 .debug_info    0x00005ce9      0x715 .\CortexM3\ARM_GCC_541\Debug\Never Lose.a(LCD.o)
 .debug_info    0x000063fe      0x283 .\CortexM3\ARM_GCC_541\Debug\Never Lose.a(UART_IntClock.o)
 .debug_info    0x00006681      0x283 .\CortexM3\ARM_GCC_541\Debug\Never Lose.a(ADC_Ext_CP_Clk.o)
 .debug_info    0x00006904      0x2c4 .\CortexM3\ARM_GCC_541\Debug\Never Lose.a(ADC_theACLK.o)
 .debug_info    0x00006bc8      0x11f .\CortexM3\ARM_GCC_541\Debug\Never Lose.a(ROW0.o)
 .debug_info    0x00006ce7      0x11f .\CortexM3\ARM_GCC_541\Debug\Never Lose.a(ROW1.o)
 .debug_info    0x00006e06      0x11f .\CortexM3\ARM_GCC_541\Debug\Never Lose.a(ROW2.o)
 .debug_info    0x00006f25      0x11f .\CortexM3\ARM_GCC_541\Debug\Never Lose.a(ROW3.o)
 .debug_info    0x00007044      0x11f .\CortexM3\ARM_GCC_541\Debug\Never Lose.a(COL1.o)
 .debug_info    0x00007163      0x11f .\CortexM3\ARM_GCC_541\Debug\Never Lose.a(COL2.o)
 .debug_info    0x00007282      0x11f .\CortexM3\ARM_GCC_541\Debug\Never Lose.a(COL3.o)
 .debug_info    0x000073a1      0x2d2 .\CortexM3\ARM_GCC_541\Debug\Never Lose.a(RX_ISR.o)
 .debug_info    0x00007673      0x2d2 .\CortexM3\ARM_GCC_541\Debug\Never Lose.a(Timer_ISR.o)
 .debug_info    0x00007945      0x1e0 .\CortexM3\ARM_GCC_541\Debug\Never Lose.a(VDAC.o)
 .debug_info    0x00007b25      0x165 .\CortexM3\ARM_GCC_541\Debug\Never Lose.a(AMux.o)
 .debug_info    0x00007c8a      0x165 .\CortexM3\ARM_GCC_541\Debug\Never Lose.a(ADC_AMux.o)
 .debug_info    0x00007def       0x8d .\CortexM3\ARM_GCC_541\Debug\Never Lose.a(CyBootAsmGnu.o)
 .debug_info    0x00007e7c      0x64d .\CortexM3\ARM_GCC_541\Debug\Never Lose.a(CyFlash.o)
 .debug_info    0x000084c9      0x550 .\CortexM3\ARM_GCC_541\Debug\Never Lose.a(CySpc.o)

.debug_abbrev   0x00000000     0x27a3
 *(.debug_abbrev)
 .debug_abbrev  0x00000000      0x1c2 .\CortexM3\ARM_GCC_541\Debug\main.o
 .debug_abbrev  0x000001c2       0xc5 .\CortexM3\ARM_GCC_541\Debug\keypad.o
 .debug_abbrev  0x00000287      0x22d .\CortexM3\ARM_GCC_541\Debug\cyfitter_cfg.o
 .debug_abbrev  0x000004b4       0x77 .\CortexM3\ARM_GCC_541\Debug\cymetadata.o
 .debug_abbrev  0x0000052b      0x1e8 .\CortexM3\ARM_GCC_541\Debug\Cm3Start.o
 .debug_abbrev  0x00000713      0x254 .\CortexM3\ARM_GCC_541\Debug\Never Lose.a(CyLib.o)
 .debug_abbrev  0x00000967      0x1ab .\CortexM3\ARM_GCC_541\Debug\Never Lose.a(cyPm.o)
 .debug_abbrev  0x00000b12       0x90 .\CortexM3\ARM_GCC_541\Debug\Never Lose.a(SW_1.o)
 .debug_abbrev  0x00000ba2       0x90 .\CortexM3\ARM_GCC_541\Debug\Never Lose.a(SW_2.o)
 .debug_abbrev  0x00000c32       0x90 .\CortexM3\ARM_GCC_541\Debug\Never Lose.a(SW_3.o)
 .debug_abbrev  0x00000cc2       0x90 .\CortexM3\ARM_GCC_541\Debug\Never Lose.a(LED_2.o)
 .debug_abbrev  0x00000d52       0x90 .\CortexM3\ARM_GCC_541\Debug\Never Lose.a(LED_3.o)
 .debug_abbrev  0x00000de2      0x175 .\CortexM3\ARM_GCC_541\Debug\Never Lose.a(UART.o)
 .debug_abbrev  0x00000f57      0x139 .\CortexM3\ARM_GCC_541\Debug\Never Lose.a(Clock.o)
 .debug_abbrev  0x00001090      0x133 .\CortexM3\ARM_GCC_541\Debug\Never Lose.a(PWM.o)
 .debug_abbrev  0x000011c3       0x90 .\CortexM3\ARM_GCC_541\Debug\Never Lose.a(LED_1.o)
 .debug_abbrev  0x00001253       0x90 .\CortexM3\ARM_GCC_541\Debug\Never Lose.a(LED_4.o)
 .debug_abbrev  0x000012e3      0x12b .\CortexM3\ARM_GCC_541\Debug\Never Lose.a(Timer.o)
 .debug_abbrev  0x0000140e      0x1eb .\CortexM3\ARM_GCC_541\Debug\Never Lose.a(ADC.o)
 .debug_abbrev  0x000015f9       0x42 .\CortexM3\ARM_GCC_541\Debug\Never Lose.a(ADC_INT.o)
 .debug_abbrev  0x0000163b      0x157 .\CortexM3\ARM_GCC_541\Debug\Never Lose.a(LCD.o)
 .debug_abbrev  0x00001792      0x139 .\CortexM3\ARM_GCC_541\Debug\Never Lose.a(UART_IntClock.o)
 .debug_abbrev  0x000018cb      0x139 .\CortexM3\ARM_GCC_541\Debug\Never Lose.a(ADC_Ext_CP_Clk.o)
 .debug_abbrev  0x00001a04      0x121 .\CortexM3\ARM_GCC_541\Debug\Never Lose.a(ADC_theACLK.o)
 .debug_abbrev  0x00001b25       0x90 .\CortexM3\ARM_GCC_541\Debug\Never Lose.a(ROW0.o)
 .debug_abbrev  0x00001bb5       0x90 .\CortexM3\ARM_GCC_541\Debug\Never Lose.a(ROW1.o)
 .debug_abbrev  0x00001c45       0x90 .\CortexM3\ARM_GCC_541\Debug\Never Lose.a(ROW2.o)
 .debug_abbrev  0x00001cd5       0x90 .\CortexM3\ARM_GCC_541\Debug\Never Lose.a(ROW3.o)
 .debug_abbrev  0x00001d65       0x90 .\CortexM3\ARM_GCC_541\Debug\Never Lose.a(COL1.o)
 .debug_abbrev  0x00001df5       0x90 .\CortexM3\ARM_GCC_541\Debug\Never Lose.a(COL2.o)
 .debug_abbrev  0x00001e85       0x90 .\CortexM3\ARM_GCC_541\Debug\Never Lose.a(COL3.o)
 .debug_abbrev  0x00001f15      0x173 .\CortexM3\ARM_GCC_541\Debug\Never Lose.a(RX_ISR.o)
 .debug_abbrev  0x00002088      0x173 .\CortexM3\ARM_GCC_541\Debug\Never Lose.a(Timer_ISR.o)
 .debug_abbrev  0x000021fb       0xf7 .\CortexM3\ARM_GCC_541\Debug\Never Lose.a(VDAC.o)
 .debug_abbrev  0x000022f2       0xb1 .\CortexM3\ARM_GCC_541\Debug\Never Lose.a(AMux.o)
 .debug_abbrev  0x000023a3       0xb1 .\CortexM3\ARM_GCC_541\Debug\Never Lose.a(ADC_AMux.o)
 .debug_abbrev  0x00002454       0x14 .\CortexM3\ARM_GCC_541\Debug\Never Lose.a(CyBootAsmGnu.o)
 .debug_abbrev  0x00002468      0x1a7 .\CortexM3\ARM_GCC_541\Debug\Never Lose.a(CyFlash.o)
 .debug_abbrev  0x0000260f      0x194 .\CortexM3\ARM_GCC_541\Debug\Never Lose.a(CySpc.o)

.debug_line     0x00000000     0x3b73
 *(.debug_line)
 .debug_line    0x00000000      0x4d4 .\CortexM3\ARM_GCC_541\Debug\main.o
 .debug_line    0x000004d4      0x1ec .\CortexM3\ARM_GCC_541\Debug\keypad.o
 .debug_line    0x000006c0      0x254 .\CortexM3\ARM_GCC_541\Debug\cyfitter_cfg.o
 .debug_line    0x00000914      0x141 .\CortexM3\ARM_GCC_541\Debug\cymetadata.o
 .debug_line    0x00000a55      0x234 .\CortexM3\ARM_GCC_541\Debug\Cm3Start.o
 .debug_line    0x00000c89      0x816 .\CortexM3\ARM_GCC_541\Debug\Never Lose.a(CyLib.o)
 .debug_line    0x0000149f      0x367 .\CortexM3\ARM_GCC_541\Debug\Never Lose.a(cyPm.o)
 .debug_line    0x00001806       0x91 .\CortexM3\ARM_GCC_541\Debug\Never Lose.a(SW_1.o)
 .debug_line    0x00001897       0x91 .\CortexM3\ARM_GCC_541\Debug\Never Lose.a(SW_2.o)
 .debug_line    0x00001928       0x91 .\CortexM3\ARM_GCC_541\Debug\Never Lose.a(SW_3.o)
 .debug_line    0x000019b9       0x92 .\CortexM3\ARM_GCC_541\Debug\Never Lose.a(LED_2.o)
 .debug_line    0x00001a4b       0x92 .\CortexM3\ARM_GCC_541\Debug\Never Lose.a(LED_3.o)
 .debug_line    0x00001add      0x2bc .\CortexM3\ARM_GCC_541\Debug\Never Lose.a(UART.o)
 .debug_line    0x00001d99      0x174 .\CortexM3\ARM_GCC_541\Debug\Never Lose.a(Clock.o)
 .debug_line    0x00001f0d      0x1aa .\CortexM3\ARM_GCC_541\Debug\Never Lose.a(PWM.o)
 .debug_line    0x000020b7       0x92 .\CortexM3\ARM_GCC_541\Debug\Never Lose.a(LED_1.o)
 .debug_line    0x00002149       0x92 .\CortexM3\ARM_GCC_541\Debug\Never Lose.a(LED_4.o)
 .debug_line    0x000021db      0x170 .\CortexM3\ARM_GCC_541\Debug\Never Lose.a(Timer.o)
 .debug_line    0x0000234b      0x3c1 .\CortexM3\ARM_GCC_541\Debug\Never Lose.a(ADC.o)
 .debug_line    0x0000270c       0x80 .\CortexM3\ARM_GCC_541\Debug\Never Lose.a(ADC_INT.o)
 .debug_line    0x0000278c      0x1dc .\CortexM3\ARM_GCC_541\Debug\Never Lose.a(LCD.o)
 .debug_line    0x00002968      0x17c .\CortexM3\ARM_GCC_541\Debug\Never Lose.a(UART_IntClock.o)
 .debug_line    0x00002ae4      0x17d .\CortexM3\ARM_GCC_541\Debug\Never Lose.a(ADC_Ext_CP_Clk.o)
 .debug_line    0x00002c61      0x19d .\CortexM3\ARM_GCC_541\Debug\Never Lose.a(ADC_theACLK.o)
 .debug_line    0x00002dfe       0x91 .\CortexM3\ARM_GCC_541\Debug\Never Lose.a(ROW0.o)
 .debug_line    0x00002e8f       0x91 .\CortexM3\ARM_GCC_541\Debug\Never Lose.a(ROW1.o)
 .debug_line    0x00002f20       0x91 .\CortexM3\ARM_GCC_541\Debug\Never Lose.a(ROW2.o)
 .debug_line    0x00002fb1       0x91 .\CortexM3\ARM_GCC_541\Debug\Never Lose.a(ROW3.o)
 .debug_line    0x00003042       0x91 .\CortexM3\ARM_GCC_541\Debug\Never Lose.a(COL1.o)
 .debug_line    0x000030d3       0x91 .\CortexM3\ARM_GCC_541\Debug\Never Lose.a(COL2.o)
 .debug_line    0x00003164       0x91 .\CortexM3\ARM_GCC_541\Debug\Never Lose.a(COL3.o)
 .debug_line    0x000031f5      0x133 .\CortexM3\ARM_GCC_541\Debug\Never Lose.a(RX_ISR.o)
 .debug_line    0x00003328      0x136 .\CortexM3\ARM_GCC_541\Debug\Never Lose.a(Timer_ISR.o)
 .debug_line    0x0000345e       0xe1 .\CortexM3\ARM_GCC_541\Debug\Never Lose.a(VDAC.o)
 .debug_line    0x0000353f       0xa8 .\CortexM3\ARM_GCC_541\Debug\Never Lose.a(AMux.o)
 .debug_line    0x000035e7       0xac .\CortexM3\ARM_GCC_541\Debug\Never Lose.a(ADC_AMux.o)
 .debug_line    0x00003693       0x66 .\CortexM3\ARM_GCC_541\Debug\Never Lose.a(CyBootAsmGnu.o)
 .debug_line    0x000036f9      0x21a .\CortexM3\ARM_GCC_541\Debug\Never Lose.a(CyFlash.o)
 .debug_line    0x00003913      0x260 .\CortexM3\ARM_GCC_541\Debug\Never Lose.a(CySpc.o)

.debug_frame    0x00000000     0x2c18
 *(.debug_frame)
 .debug_frame   0x00000000      0x278 .\CortexM3\ARM_GCC_541\Debug\main.o
 .debug_frame   0x00000278       0x48 .\CortexM3\ARM_GCC_541\Debug\keypad.o
 .debug_frame   0x000002c0      0x13c .\CortexM3\ARM_GCC_541\Debug\cyfitter_cfg.o
 .debug_frame   0x000003fc       0xb8 .\CortexM3\ARM_GCC_541\Debug\Cm3Start.o
 .debug_frame   0x000004b4      0x738 .\CortexM3\ARM_GCC_541\Debug\Never Lose.a(CyLib.o)
 .debug_frame   0x00000bec      0x1f8 .\CortexM3\ARM_GCC_541\Debug\Never Lose.a(cyPm.o)
 .debug_frame   0x00000de4       0x50 .\CortexM3\ARM_GCC_541\Debug\Never Lose.a(SW_1.o)
 .debug_frame   0x00000e34       0x50 .\CortexM3\ARM_GCC_541\Debug\Never Lose.a(SW_2.o)
 .debug_frame   0x00000e84       0x50 .\CortexM3\ARM_GCC_541\Debug\Never Lose.a(SW_3.o)
 .debug_frame   0x00000ed4       0x50 .\CortexM3\ARM_GCC_541\Debug\Never Lose.a(LED_2.o)
 .debug_frame   0x00000f24       0x50 .\CortexM3\ARM_GCC_541\Debug\Never Lose.a(LED_3.o)
 .debug_frame   0x00000f74      0x250 .\CortexM3\ARM_GCC_541\Debug\Never Lose.a(UART.o)
 .debug_frame   0x000011c4       0xe0 .\CortexM3\ARM_GCC_541\Debug\Never Lose.a(Clock.o)
 .debug_frame   0x000012a4      0x154 .\CortexM3\ARM_GCC_541\Debug\Never Lose.a(PWM.o)
 .debug_frame   0x000013f8       0x50 .\CortexM3\ARM_GCC_541\Debug\Never Lose.a(LED_1.o)
 .debug_frame   0x00001448       0x50 .\CortexM3\ARM_GCC_541\Debug\Never Lose.a(LED_4.o)
 .debug_frame   0x00001498      0x124 .\CortexM3\ARM_GCC_541\Debug\Never Lose.a(Timer.o)
 .debug_frame   0x000015bc      0x284 .\CortexM3\ARM_GCC_541\Debug\Never Lose.a(ADC.o)
 .debug_frame   0x00001840       0x50 .\CortexM3\ARM_GCC_541\Debug\Never Lose.a(ADC_INT.o)
 .debug_frame   0x00001890      0x1e8 .\CortexM3\ARM_GCC_541\Debug\Never Lose.a(LCD.o)
 .debug_frame   0x00001a78       0xe0 .\CortexM3\ARM_GCC_541\Debug\Never Lose.a(UART_IntClock.o)
 .debug_frame   0x00001b58       0xe0 .\CortexM3\ARM_GCC_541\Debug\Never Lose.a(ADC_Ext_CP_Clk.o)
 .debug_frame   0x00001c38      0x100 .\CortexM3\ARM_GCC_541\Debug\Never Lose.a(ADC_theACLK.o)
 .debug_frame   0x00001d38       0x50 .\CortexM3\ARM_GCC_541\Debug\Never Lose.a(ROW0.o)
 .debug_frame   0x00001d88       0x50 .\CortexM3\ARM_GCC_541\Debug\Never Lose.a(ROW1.o)
 .debug_frame   0x00001dd8       0x50 .\CortexM3\ARM_GCC_541\Debug\Never Lose.a(ROW2.o)
 .debug_frame   0x00001e28       0x50 .\CortexM3\ARM_GCC_541\Debug\Never Lose.a(ROW3.o)
 .debug_frame   0x00001e78       0x50 .\CortexM3\ARM_GCC_541\Debug\Never Lose.a(COL1.o)
 .debug_frame   0x00001ec8       0x50 .\CortexM3\ARM_GCC_541\Debug\Never Lose.a(COL2.o)
 .debug_frame   0x00001f18       0x50 .\CortexM3\ARM_GCC_541\Debug\Never Lose.a(COL3.o)
 .debug_frame   0x00001f68      0x104 .\CortexM3\ARM_GCC_541\Debug\Never Lose.a(RX_ISR.o)
 .debug_frame   0x0000206c      0x104 .\CortexM3\ARM_GCC_541\Debug\Never Lose.a(Timer_ISR.o)
 .debug_frame   0x00002170       0xb4 .\CortexM3\ARM_GCC_541\Debug\Never Lose.a(VDAC.o)
 .debug_frame   0x00002224       0x64 .\CortexM3\ARM_GCC_541\Debug\Never Lose.a(AMux.o)
 .debug_frame   0x00002288       0x64 .\CortexM3\ARM_GCC_541\Debug\Never Lose.a(ADC_AMux.o)
 .debug_frame   0x000022ec      0x194 .\CortexM3\ARM_GCC_541\Debug\Never Lose.a(CyFlash.o)
 .debug_frame   0x00002480      0x180 .\CortexM3\ARM_GCC_541\Debug\Never Lose.a(CySpc.o)
 .debug_frame   0x00002600       0x38 c:/program files (x86)/cypress/psoc creator/4.4/psoc creator/import/gnu/arm/5.4.1/bin/../lib/gcc/arm-none-eabi/5.4.1/../../../../arm-none-eabi/lib/armv7-m\libm.a(lib_a-s_sin.o)
 .debug_frame   0x00002638       0x48 c:/program files (x86)/cypress/psoc creator/4.4/psoc creator/import/gnu/arm/5.4.1/bin/../lib/gcc/arm-none-eabi/5.4.1/../../../../arm-none-eabi/lib/armv7-m\libm.a(lib_a-e_rem_pio2.o)
 .debug_frame   0x00002680       0x4c c:/program files (x86)/cypress/psoc creator/4.4/psoc creator/import/gnu/arm/5.4.1/bin/../lib/gcc/arm-none-eabi/5.4.1/../../../../arm-none-eabi/lib/armv7-m\libm.a(lib_a-k_cos.o)
 .debug_frame   0x000026cc       0x50 c:/program files (x86)/cypress/psoc creator/4.4/psoc creator/import/gnu/arm/5.4.1/bin/../lib/gcc/arm-none-eabi/5.4.1/../../../../arm-none-eabi/lib/armv7-m\libm.a(lib_a-k_rem_pio2.o)
 .debug_frame   0x0000271c       0x48 c:/program files (x86)/cypress/psoc creator/4.4/psoc creator/import/gnu/arm/5.4.1/bin/../lib/gcc/arm-none-eabi/5.4.1/../../../../arm-none-eabi/lib/armv7-m\libm.a(lib_a-k_sin.o)
 .debug_frame   0x00002764       0x20 c:/program files (x86)/cypress/psoc creator/4.4/psoc creator/import/gnu/arm/5.4.1/bin/../lib/gcc/arm-none-eabi/5.4.1/../../../../arm-none-eabi/lib/armv7-m\libm.a(lib_a-s_fabs.o)
 .debug_frame   0x00002784       0x34 c:/program files (x86)/cypress/psoc creator/4.4/psoc creator/import/gnu/arm/5.4.1/bin/../lib/gcc/arm-none-eabi/5.4.1/../../../../arm-none-eabi/lib/armv7-m\libm.a(lib_a-s_floor.o)
 .debug_frame   0x000027b8       0x30 c:/program files (x86)/cypress/psoc creator/4.4/psoc creator/import/gnu/arm/5.4.1/bin/../lib/gcc/arm-none-eabi/5.4.1/../../../../arm-none-eabi/lib/armv7-m\libm.a(lib_a-s_scalbn.o)
 .debug_frame   0x000027e8       0x20 c:/program files (x86)/cypress/psoc creator/4.4/psoc creator/import/gnu/arm/5.4.1/bin/../lib/gcc/arm-none-eabi/5.4.1/../../../../arm-none-eabi/lib/armv7-m\libm.a(lib_a-s_copysign.o)
 .debug_frame   0x00002808       0x20 c:/program files (x86)/cypress/psoc creator/4.4/psoc creator/import/gnu/arm/5.4.1/bin/../lib/gcc/arm-none-eabi/5.4.1/../../../../arm-none-eabi/lib/armv7-m\libg_nano.a(lib_a-errno.o)
 .debug_frame   0x00002828       0x28 c:/program files (x86)/cypress/psoc creator/4.4/psoc creator/import/gnu/arm/5.4.1/bin/../lib/gcc/arm-none-eabi/5.4.1/../../../../arm-none-eabi/lib/armv7-m\libg_nano.a(lib_a-exit.o)
 .debug_frame   0x00002850       0x2c c:/program files (x86)/cypress/psoc creator/4.4/psoc creator/import/gnu/arm/5.4.1/bin/../lib/gcc/arm-none-eabi/5.4.1/../../../../arm-none-eabi/lib/armv7-m\libg_nano.a(lib_a-init.o)
 .debug_frame   0x0000287c       0x28 c:/program files (x86)/cypress/psoc creator/4.4/psoc creator/import/gnu/arm/5.4.1/bin/../lib/gcc/arm-none-eabi/5.4.1/../../../../arm-none-eabi/lib/armv7-m\libg_nano.a(lib_a-memcpy-stub.o)
 .debug_frame   0x000028a4       0x20 c:/program files (x86)/cypress/psoc creator/4.4/psoc creator/import/gnu/arm/5.4.1/bin/../lib/gcc/arm-none-eabi/5.4.1/../../../../arm-none-eabi/lib/armv7-m\libg_nano.a(lib_a-memset.o)
 .debug_frame   0x000028c4       0x70 c:/program files (x86)/cypress/psoc creator/4.4/psoc creator/import/gnu/arm/5.4.1/bin/../lib/gcc/arm-none-eabi/5.4.1/../../../../arm-none-eabi/lib/armv7-m\libg_nano.a(lib_a-sprintf.o)
 .debug_frame   0x00002934       0x2c c:/program files (x86)/cypress/psoc creator/4.4/psoc creator/import/gnu/arm/5.4.1/bin/../lib/gcc/arm-none-eabi/5.4.1/../../../../arm-none-eabi/lib/armv7-m\libg_nano.a(lib_a-strncmp.o)
 .debug_frame   0x00002960       0x90 c:/program files (x86)/cypress/psoc creator/4.4/psoc creator/import/gnu/arm/5.4.1/bin/../lib/gcc/arm-none-eabi/5.4.1/../../../../arm-none-eabi/lib/armv7-m\libg_nano.a(lib_a-nano-svfprintf.o)
 .debug_frame   0x000029f0       0x60 c:/program files (x86)/cypress/psoc creator/4.4/psoc creator/import/gnu/arm/5.4.1/bin/../lib/gcc/arm-none-eabi/5.4.1/../../../../arm-none-eabi/lib/armv7-m\libg_nano.a(lib_a-nano-vfprintf_i.o)
 .debug_frame   0x00002a50       0x28 c:/program files (x86)/cypress/psoc creator/4.4/psoc creator/import/gnu/arm/5.4.1/bin/../lib/gcc/arm-none-eabi/5.4.1/../../../../arm-none-eabi/lib/armv7-m\libg_nano.a(lib_a-memchr-stub.o)
 .debug_frame   0x00002a78       0x28 c:/program files (x86)/cypress/psoc creator/4.4/psoc creator/import/gnu/arm/5.4.1/bin/../lib/gcc/arm-none-eabi/5.4.1/../../../../arm-none-eabi/lib/armv7-m\libg_nano.a(lib_a-memmove.o)
 .debug_frame   0x00002aa0       0x38 c:/program files (x86)/cypress/psoc creator/4.4/psoc creator/import/gnu/arm/5.4.1/bin/../lib/gcc/arm-none-eabi/5.4.1/../../../../arm-none-eabi/lib/armv7-m\libg_nano.a(lib_a-nano-freer.o)
 .debug_frame   0x00002ad8       0x2c c:/program files (x86)/cypress/psoc creator/4.4/psoc creator/import/gnu/arm/5.4.1/bin/../lib/gcc/arm-none-eabi/5.4.1/../../../../arm-none-eabi/lib/armv7-m\libg_nano.a(lib_a-nano-mallocr.o)
 .debug_frame   0x00002b04       0x3c c:/program files (x86)/cypress/psoc creator/4.4/psoc creator/import/gnu/arm/5.4.1/bin/../lib/gcc/arm-none-eabi/5.4.1/../../../../arm-none-eabi/lib/armv7-m\libg_nano.a(lib_a-nano-reallocr.o)
 .debug_frame   0x00002b40       0x2c c:/program files (x86)/cypress/psoc creator/4.4/psoc creator/import/gnu/arm/5.4.1/bin/../lib/gcc/arm-none-eabi/5.4.1/../../../../arm-none-eabi/lib/armv7-m\libg_nano.a(lib_a-sbrkr.o)
 .debug_frame   0x00002b6c       0x30 c:/program files (x86)/cypress/psoc creator/4.4/psoc creator/import/gnu/arm/5.4.1/bin/../lib/gcc/arm-none-eabi/5.4.1/../../../../arm-none-eabi/lib/armv7-m\libg_nano.a(lib_a-mlock.o)
 .debug_frame   0x00002b9c       0x20 c:/program files (x86)/cypress/psoc creator/4.4/psoc creator/import/gnu/arm/5.4.1/bin/../lib/gcc/arm-none-eabi/5.4.1/../../../../arm-none-eabi/lib/armv7-m\libg_nano.a(lib_a-nano-msizer.o)
 .debug_frame   0x00002bbc       0x5c c:/program files (x86)/cypress/psoc creator/4.4/psoc creator/import/gnu/arm/5.4.1/bin/../lib/gcc/arm-none-eabi/5.4.1/../../../../arm-none-eabi/lib/armv7-m\libg_nano.a(lib_a-reent.o)

.debug_str      0x00000000     0x2c4f
 *(.debug_str)
 .debug_str     0x00000000      0x5ab .\CortexM3\ARM_GCC_541\Debug\main.o
                                0x650 (size before relaxing)
 .debug_str     0x000005ab       0x5d .\CortexM3\ARM_GCC_541\Debug\keypad.o
                                0x219 (size before relaxing)
 .debug_str     0x00000608      0x1f6 .\CortexM3\ARM_GCC_541\Debug\cyfitter_cfg.o
                                0x3c1 (size before relaxing)
 .debug_str     0x000007fe       0x75 .\CortexM3\ARM_GCC_541\Debug\cymetadata.o
                                0x1e1 (size before relaxing)
 .debug_str     0x00000873      0x144 .\CortexM3\ARM_GCC_541\Debug\Cm3Start.o
                                0x307 (size before relaxing)
 .debug_str     0x000009b7      0x830 .\CortexM3\ARM_GCC_541\Debug\Never Lose.a(CyLib.o)
                                0xa44 (size before relaxing)
 .debug_str     0x000011e7      0x365 .\CortexM3\ARM_GCC_541\Debug\Never Lose.a(cyPm.o)
                                0x730 (size before relaxing)
 .debug_str     0x0000154c       0x57 .\CortexM3\ARM_GCC_541\Debug\Never Lose.a(SW_1.o)
                                0x1da (size before relaxing)
 .debug_str     0x000015a3       0x4c .\CortexM3\ARM_GCC_541\Debug\Never Lose.a(SW_2.o)
                                0x1da (size before relaxing)
 .debug_str     0x000015ef       0x4c .\CortexM3\ARM_GCC_541\Debug\Never Lose.a(SW_3.o)
                                0x1da (size before relaxing)
 .debug_str     0x0000163b       0x4f .\CortexM3\ARM_GCC_541\Debug\Never Lose.a(LED_2.o)
                                0x1df (size before relaxing)
 .debug_str     0x0000168a       0x4f .\CortexM3\ARM_GCC_541\Debug\Never Lose.a(LED_3.o)
                                0x1df (size before relaxing)
 .debug_str     0x000016d9      0x25e .\CortexM3\ARM_GCC_541\Debug\Never Lose.a(UART.o)
                                0x472 (size before relaxing)
 .debug_str     0x00001937       0x6a .\CortexM3\ARM_GCC_541\Debug\Never Lose.a(Clock.o)
                                0x2d3 (size before relaxing)
 .debug_str     0x000019a1      0x158 .\CortexM3\ARM_GCC_541\Debug\Never Lose.a(PWM.o)
                                0x35a (size before relaxing)
 .debug_str     0x00001af9       0x4f .\CortexM3\ARM_GCC_541\Debug\Never Lose.a(LED_1.o)
                                0x1df (size before relaxing)
 .debug_str     0x00001b48       0x4f .\CortexM3\ARM_GCC_541\Debug\Never Lose.a(LED_4.o)
                                0x1df (size before relaxing)
 .debug_str     0x00001b97      0x131 .\CortexM3\ARM_GCC_541\Debug\Never Lose.a(Timer.o)
                                0x338 (size before relaxing)
 .debug_str     0x00001cc8      0x338 .\CortexM3\ARM_GCC_541\Debug\Never Lose.a(ADC.o)
                                0x5c6 (size before relaxing)
 .debug_str     0x00002000       0x45 .\CortexM3\ARM_GCC_541\Debug\Never Lose.a(ADC_INT.o)
                                0x1bd (size before relaxing)
 .debug_str     0x00002045      0x123 .\CortexM3\ARM_GCC_541\Debug\Never Lose.a(LCD.o)
                                0x328 (size before relaxing)
 .debug_str     0x00002168      0x138 .\CortexM3\ARM_GCC_541\Debug\Never Lose.a(UART_IntClock.o)
                                0x333 (size before relaxing)
 .debug_str     0x000022a0      0x12a .\CortexM3\ARM_GCC_541\Debug\Never Lose.a(ADC_Ext_CP_Clk.o)
                                0x33f (size before relaxing)
 .debug_str     0x000023ca      0x14f .\CortexM3\ARM_GCC_541\Debug\Never Lose.a(ADC_theACLK.o)
                                0x35e (size before relaxing)
 .debug_str     0x00002519       0x4c .\CortexM3\ARM_GCC_541\Debug\Never Lose.a(ROW0.o)
                                0x1da (size before relaxing)
 .debug_str     0x00002565       0x4c .\CortexM3\ARM_GCC_541\Debug\Never Lose.a(ROW1.o)
                                0x1da (size before relaxing)
 .debug_str     0x000025b1       0x4c .\CortexM3\ARM_GCC_541\Debug\Never Lose.a(ROW2.o)
                                0x1da (size before relaxing)
 .debug_str     0x000025fd       0x4c .\CortexM3\ARM_GCC_541\Debug\Never Lose.a(ROW3.o)
                                0x1da (size before relaxing)
 .debug_str     0x00002649       0x4b .\CortexM3\ARM_GCC_541\Debug\Never Lose.a(COL1.o)
                                0x1da (size before relaxing)
 .debug_str     0x00002694       0x4b .\CortexM3\ARM_GCC_541\Debug\Never Lose.a(COL2.o)
                                0x1da (size before relaxing)
 .debug_str     0x000026df       0x4b .\CortexM3\ARM_GCC_541\Debug\Never Lose.a(COL3.o)
                                0x1da (size before relaxing)
 .debug_str     0x0000272a       0xe5 .\CortexM3\ARM_GCC_541\Debug\Never Lose.a(RX_ISR.o)
                                0x2b1 (size before relaxing)
 .debug_str     0x0000280f       0xe9 .\CortexM3\ARM_GCC_541\Debug\Never Lose.a(Timer_ISR.o)
                                0x2db (size before relaxing)
 .debug_str     0x000028f8       0x7a .\CortexM3\ARM_GCC_541\Debug\Never Lose.a(VDAC.o)
                                0x212 (size before relaxing)
 .debug_str     0x00002972       0x23 .\CortexM3\ARM_GCC_541\Debug\Never Lose.a(AMux.o)
                                0x1e0 (size before relaxing)
 .debug_str     0x00002995       0x5a .\CortexM3\ARM_GCC_541\Debug\Never Lose.a(ADC_AMux.o)
                                0x1fc (size before relaxing)
 .debug_str     0x000029ef      0x1b4 .\CortexM3\ARM_GCC_541\Debug\Never Lose.a(CyFlash.o)
                                0x3bd (size before relaxing)
 .debug_str     0x00002ba3       0xac .\CortexM3\ARM_GCC_541\Debug\Never Lose.a(CySpc.o)
                                0x335 (size before relaxing)

.debug_loc      0x00000000     0x3448
 *(.debug_loc)
 .debug_loc     0x00000000      0x1d4 .\CortexM3\ARM_GCC_541\Debug\main.o
 .debug_loc     0x000001d4      0x34a .\CortexM3\ARM_GCC_541\Debug\cyfitter_cfg.o
 .debug_loc     0x0000051e      0x144 .\CortexM3\ARM_GCC_541\Debug\Cm3Start.o
 .debug_loc     0x00000662      0xa11 .\CortexM3\ARM_GCC_541\Debug\Never Lose.a(CyLib.o)
 .debug_loc     0x00001073      0x1e4 .\CortexM3\ARM_GCC_541\Debug\Never Lose.a(cyPm.o)
 .debug_loc     0x00001257       0x42 .\CortexM3\ARM_GCC_541\Debug\Never Lose.a(SW_1.o)
 .debug_loc     0x00001299       0x42 .\CortexM3\ARM_GCC_541\Debug\Never Lose.a(SW_2.o)
 .debug_loc     0x000012db       0x42 .\CortexM3\ARM_GCC_541\Debug\Never Lose.a(SW_3.o)
 .debug_loc     0x0000131d       0x42 .\CortexM3\ARM_GCC_541\Debug\Never Lose.a(LED_2.o)
 .debug_loc     0x0000135f       0x42 .\CortexM3\ARM_GCC_541\Debug\Never Lose.a(LED_3.o)
 .debug_loc     0x000013a1      0x258 .\CortexM3\ARM_GCC_541\Debug\Never Lose.a(UART.o)
 .debug_loc     0x000015f9      0x128 .\CortexM3\ARM_GCC_541\Debug\Never Lose.a(Clock.o)
 .debug_loc     0x00001721       0x26 .\CortexM3\ARM_GCC_541\Debug\Never Lose.a(PWM.o)
 .debug_loc     0x00001747       0x42 .\CortexM3\ARM_GCC_541\Debug\Never Lose.a(LED_1.o)
 .debug_loc     0x00001789       0x42 .\CortexM3\ARM_GCC_541\Debug\Never Lose.a(LED_4.o)
 .debug_loc     0x000017cb       0x13 .\CortexM3\ARM_GCC_541\Debug\Never Lose.a(Timer.o)
 .debug_loc     0x000017de      0x681 .\CortexM3\ARM_GCC_541\Debug\Never Lose.a(ADC.o)
 .debug_loc     0x00001e5f      0x3c6 .\CortexM3\ARM_GCC_541\Debug\Never Lose.a(LCD.o)
 .debug_loc     0x00002225      0x128 .\CortexM3\ARM_GCC_541\Debug\Never Lose.a(UART_IntClock.o)
 .debug_loc     0x0000234d      0x12c .\CortexM3\ARM_GCC_541\Debug\Never Lose.a(ADC_Ext_CP_Clk.o)
 .debug_loc     0x00002479      0x14d .\CortexM3\ARM_GCC_541\Debug\Never Lose.a(ADC_theACLK.o)
 .debug_loc     0x000025c6       0x42 .\CortexM3\ARM_GCC_541\Debug\Never Lose.a(ROW0.o)
 .debug_loc     0x00002608       0x42 .\CortexM3\ARM_GCC_541\Debug\Never Lose.a(ROW1.o)
 .debug_loc     0x0000264a       0x42 .\CortexM3\ARM_GCC_541\Debug\Never Lose.a(ROW2.o)
 .debug_loc     0x0000268c       0x42 .\CortexM3\ARM_GCC_541\Debug\Never Lose.a(ROW3.o)
 .debug_loc     0x000026ce       0x42 .\CortexM3\ARM_GCC_541\Debug\Never Lose.a(COL1.o)
 .debug_loc     0x00002710       0x42 .\CortexM3\ARM_GCC_541\Debug\Never Lose.a(COL2.o)
 .debug_loc     0x00002752       0x42 .\CortexM3\ARM_GCC_541\Debug\Never Lose.a(COL3.o)
 .debug_loc     0x00002794       0x56 .\CortexM3\ARM_GCC_541\Debug\Never Lose.a(RX_ISR.o)
 .debug_loc     0x000027ea       0x56 .\CortexM3\ARM_GCC_541\Debug\Never Lose.a(Timer_ISR.o)
 .debug_loc     0x00002840       0x79 .\CortexM3\ARM_GCC_541\Debug\Never Lose.a(VDAC.o)
 .debug_loc     0x000028b9       0x6c .\CortexM3\ARM_GCC_541\Debug\Never Lose.a(AMux.o)
 .debug_loc     0x00002925       0x6c .\CortexM3\ARM_GCC_541\Debug\Never Lose.a(ADC_AMux.o)
 .debug_loc     0x00002991      0x3b2 .\CortexM3\ARM_GCC_541\Debug\Never Lose.a(CyFlash.o)
 .debug_loc     0x00002d43      0x705 .\CortexM3\ARM_GCC_541\Debug\Never Lose.a(CySpc.o)

.debug_macinfo
 *(.debug_macinfo)

.debug_ranges   0x00000000      0xe18
 *(.debug_ranges)
 .debug_ranges  0x00000000       0xb8 .\CortexM3\ARM_GCC_541\Debug\main.o
 .debug_ranges  0x000000b8       0x18 .\CortexM3\ARM_GCC_541\Debug\keypad.o
 .debug_ranges  0x000000d0       0x68 .\CortexM3\ARM_GCC_541\Debug\cyfitter_cfg.o
 .debug_ranges  0x00000138       0x38 .\CortexM3\ARM_GCC_541\Debug\Cm3Start.o
 .debug_ranges  0x00000170      0x290 .\CortexM3\ARM_GCC_541\Debug\Never Lose.a(CyLib.o)
 .debug_ranges  0x00000400       0x88 .\CortexM3\ARM_GCC_541\Debug\Never Lose.a(cyPm.o)
 .debug_ranges  0x00000488       0x28 .\CortexM3\ARM_GCC_541\Debug\Never Lose.a(SW_1.o)
 .debug_ranges  0x000004b0       0x28 .\CortexM3\ARM_GCC_541\Debug\Never Lose.a(SW_2.o)
 .debug_ranges  0x000004d8       0x28 .\CortexM3\ARM_GCC_541\Debug\Never Lose.a(SW_3.o)
 .debug_ranges  0x00000500       0x28 .\CortexM3\ARM_GCC_541\Debug\Never Lose.a(LED_2.o)
 .debug_ranges  0x00000528       0x28 .\CortexM3\ARM_GCC_541\Debug\Never Lose.a(LED_3.o)
 .debug_ranges  0x00000550       0xe0 .\CortexM3\ARM_GCC_541\Debug\Never Lose.a(UART.o)
 .debug_ranges  0x00000630       0x60 .\CortexM3\ARM_GCC_541\Debug\Never Lose.a(Clock.o)
 .debug_ranges  0x00000690       0x98 .\CortexM3\ARM_GCC_541\Debug\Never Lose.a(PWM.o)
 .debug_ranges  0x00000728       0x28 .\CortexM3\ARM_GCC_541\Debug\Never Lose.a(LED_1.o)
 .debug_ranges  0x00000750       0x28 .\CortexM3\ARM_GCC_541\Debug\Never Lose.a(LED_4.o)
 .debug_ranges  0x00000778       0x80 .\CortexM3\ARM_GCC_541\Debug\Never Lose.a(Timer.o)
 .debug_ranges  0x000007f8       0xd8 .\CortexM3\ARM_GCC_541\Debug\Never Lose.a(ADC.o)
 .debug_ranges  0x000008d0       0x28 .\CortexM3\ARM_GCC_541\Debug\Never Lose.a(ADC_INT.o)
 .debug_ranges  0x000008f8       0x88 .\CortexM3\ARM_GCC_541\Debug\Never Lose.a(LCD.o)
 .debug_ranges  0x00000980       0x60 .\CortexM3\ARM_GCC_541\Debug\Never Lose.a(UART_IntClock.o)
 .debug_ranges  0x000009e0       0x60 .\CortexM3\ARM_GCC_541\Debug\Never Lose.a(ADC_Ext_CP_Clk.o)
 .debug_ranges  0x00000a40       0x70 .\CortexM3\ARM_GCC_541\Debug\Never Lose.a(ADC_theACLK.o)
 .debug_ranges  0x00000ab0       0x28 .\CortexM3\ARM_GCC_541\Debug\Never Lose.a(ROW0.o)
 .debug_ranges  0x00000ad8       0x28 .\CortexM3\ARM_GCC_541\Debug\Never Lose.a(ROW1.o)
 .debug_ranges  0x00000b00       0x28 .\CortexM3\ARM_GCC_541\Debug\Never Lose.a(ROW2.o)
 .debug_ranges  0x00000b28       0x28 .\CortexM3\ARM_GCC_541\Debug\Never Lose.a(ROW3.o)
 .debug_ranges  0x00000b50       0x28 .\CortexM3\ARM_GCC_541\Debug\Never Lose.a(COL1.o)
 .debug_ranges  0x00000b78       0x28 .\CortexM3\ARM_GCC_541\Debug\Never Lose.a(COL2.o)
 .debug_ranges  0x00000ba0       0x28 .\CortexM3\ARM_GCC_541\Debug\Never Lose.a(COL3.o)
 .debug_ranges  0x00000bc8       0x70 .\CortexM3\ARM_GCC_541\Debug\Never Lose.a(RX_ISR.o)
 .debug_ranges  0x00000c38       0x70 .\CortexM3\ARM_GCC_541\Debug\Never Lose.a(Timer_ISR.o)
 .debug_ranges  0x00000ca8       0x48 .\CortexM3\ARM_GCC_541\Debug\Never Lose.a(VDAC.o)
 .debug_ranges  0x00000cf0       0x20 .\CortexM3\ARM_GCC_541\Debug\Never Lose.a(AMux.o)
 .debug_ranges  0x00000d10       0x20 .\CortexM3\ARM_GCC_541\Debug\Never Lose.a(ADC_AMux.o)
 .debug_ranges  0x00000d30       0x78 .\CortexM3\ARM_GCC_541\Debug\Never Lose.a(CyFlash.o)
 .debug_ranges  0x00000da8       0x70 .\CortexM3\ARM_GCC_541\Debug\Never Lose.a(CySpc.o)

.comment        0x00000000       0x6e
 .comment       0x00000000       0x6e .\CortexM3\ARM_GCC_541\Debug\main.o
                                 0x6f (size before relaxing)
 .comment       0x0000006e       0x6f .\CortexM3\ARM_GCC_541\Debug\keypad.o
 .comment       0x0000006e       0x6f .\CortexM3\ARM_GCC_541\Debug\cyfitter_cfg.o
 .comment       0x0000006e       0x6f .\CortexM3\ARM_GCC_541\Debug\cymetadata.o
 .comment       0x0000006e       0x6f .\CortexM3\ARM_GCC_541\Debug\Cm3Start.o
 .comment       0x0000006e       0x6f .\CortexM3\ARM_GCC_541\Debug\Never Lose.a(CyLib.o)
 .comment       0x0000006e       0x6f .\CortexM3\ARM_GCC_541\Debug\Never Lose.a(cyPm.o)
 .comment       0x0000006e       0x6f .\CortexM3\ARM_GCC_541\Debug\Never Lose.a(SW_1.o)
 .comment       0x0000006e       0x6f .\CortexM3\ARM_GCC_541\Debug\Never Lose.a(SW_2.o)
 .comment       0x0000006e       0x6f .\CortexM3\ARM_GCC_541\Debug\Never Lose.a(SW_3.o)
 .comment       0x0000006e       0x6f .\CortexM3\ARM_GCC_541\Debug\Never Lose.a(LED_2.o)
 .comment       0x0000006e       0x6f .\CortexM3\ARM_GCC_541\Debug\Never Lose.a(LED_3.o)
 .comment       0x0000006e       0x6f .\CortexM3\ARM_GCC_541\Debug\Never Lose.a(UART.o)
 .comment       0x0000006e       0x6f .\CortexM3\ARM_GCC_541\Debug\Never Lose.a(Clock.o)
 .comment       0x0000006e       0x6f .\CortexM3\ARM_GCC_541\Debug\Never Lose.a(PWM.o)
 .comment       0x0000006e       0x6f .\CortexM3\ARM_GCC_541\Debug\Never Lose.a(LED_1.o)
 .comment       0x0000006e       0x6f .\CortexM3\ARM_GCC_541\Debug\Never Lose.a(LED_4.o)
 .comment       0x0000006e       0x6f .\CortexM3\ARM_GCC_541\Debug\Never Lose.a(Timer.o)
 .comment       0x0000006e       0x6f .\CortexM3\ARM_GCC_541\Debug\Never Lose.a(ADC.o)
 .comment       0x0000006e       0x6f .\CortexM3\ARM_GCC_541\Debug\Never Lose.a(ADC_INT.o)
 .comment       0x0000006e       0x6f .\CortexM3\ARM_GCC_541\Debug\Never Lose.a(LCD.o)
 .comment       0x0000006e       0x6f .\CortexM3\ARM_GCC_541\Debug\Never Lose.a(UART_IntClock.o)
 .comment       0x0000006e       0x6f .\CortexM3\ARM_GCC_541\Debug\Never Lose.a(ADC_Ext_CP_Clk.o)